Component: ARM Compiler 5.06 update 4 (build 422) Tool: armlink [4d35d2]

==============================================================================

Section Cross References

    main.o(i.advertising_init) refers to memseta.o(.text) for __aeabi_memclr4
    main.o(i.advertising_init) refers to ble_advertising.o(i.ble_advertising_init) for ble_advertising_init
    main.o(i.advertising_init) refers to app_error.o(i.app_error_handler) for app_error_handler
    main.o(i.advertising_init) refers to main.o(.data) for m_adv_uuids
    main.o(i.advertising_init) refers to main.o(i.on_adv_evt) for on_adv_evt
    main.o(i.application_timers_start) refers to app_timer.o(i.app_timer_start) for app_timer_start
    main.o(i.application_timers_start) refers to main.o(.constdata) for m_our_char_timer_id
    main.o(i.assert_nrf_callback) refers to app_error.o(i.app_error_handler) for app_error_handler
    main.o(i.ble_evt_dispatch) refers to device_manager_peripheral.o(i.dm_ble_evt_handler) for dm_ble_evt_handler
    main.o(i.ble_evt_dispatch) refers to ble_conn_params.o(i.ble_conn_params_on_ble_evt) for ble_conn_params_on_ble_evt
    main.o(i.ble_evt_dispatch) refers to bsp_btn_ble.o(i.bsp_btn_ble_on_ble_evt) for bsp_btn_ble_on_ble_evt
    main.o(i.ble_evt_dispatch) refers to main.o(i.on_ble_evt) for on_ble_evt
    main.o(i.ble_evt_dispatch) refers to ble_advertising.o(i.ble_advertising_on_ble_evt) for ble_advertising_on_ble_evt
    main.o(i.ble_evt_dispatch) refers to our_service.o(i.ble_our_service_on_ble_evt) for ble_our_service_on_ble_evt
    main.o(i.ble_evt_dispatch) refers to main.o(.bss) for m_our_service
    main.o(i.ble_stack_init) refers to softdevice_handler.o(i.softdevice_handler_init) for softdevice_handler_init
    main.o(i.ble_stack_init) refers to app_error.o(i.app_error_handler) for app_error_handler
    main.o(i.ble_stack_init) refers to softdevice_handler.o(i.softdevice_enable_get_default_config) for softdevice_enable_get_default_config
    main.o(i.ble_stack_init) refers to softdevice_handler.o(i.sd_check_ram_start) for sd_check_ram_start
    main.o(i.ble_stack_init) refers to softdevice_handler.o(i.softdevice_enable) for softdevice_enable
    main.o(i.ble_stack_init) refers to softdevice_handler.o(i.softdevice_ble_evt_handler_set) for softdevice_ble_evt_handler_set
    main.o(i.ble_stack_init) refers to softdevice_handler.o(i.softdevice_sys_evt_handler_set) for softdevice_sys_evt_handler_set
    main.o(i.ble_stack_init) refers to main.o(.constdata) for .constdata
    main.o(i.ble_stack_init) refers to main.o(.bss) for BLE_EVT_BUFFER
    main.o(i.ble_stack_init) refers to main.o(i.ble_evt_dispatch) for ble_evt_dispatch
    main.o(i.ble_stack_init) refers to main.o(i.sys_evt_dispatch) for sys_evt_dispatch
    main.o(i.bsp_event_handler) refers to main.o(i.sleep_mode_enter) for sleep_mode_enter
    main.o(i.bsp_event_handler) refers to app_error.o(i.app_error_handler) for app_error_handler
    main.o(i.bsp_event_handler) refers to ble_advertising.o(i.ble_advertising_restart_without_whitelist) for ble_advertising_restart_without_whitelist
    main.o(i.bsp_event_handler) refers to main.o(.data) for m_conn_handle
    main.o(i.buttons_leds_init) refers to bsp.o(i.bsp_init) for bsp_init
    main.o(i.buttons_leds_init) refers to app_error.o(i.app_error_handler) for app_error_handler
    main.o(i.buttons_leds_init) refers to bsp_btn_ble.o(i.bsp_btn_ble_init) for bsp_btn_ble_init
    main.o(i.buttons_leds_init) refers to main.o(i.bsp_event_handler) for bsp_event_handler
    main.o(i.calculateDifference) refers to main.o(.bss) for ADXLdataBuffer
    main.o(i.conn_params_error_handler) refers to app_error.o(i.app_error_handler) for app_error_handler
    main.o(i.conn_params_init) refers to memseta.o(.text) for __aeabi_memclr4
    main.o(i.conn_params_init) refers to ble_conn_params.o(i.ble_conn_params_init) for ble_conn_params_init
    main.o(i.conn_params_init) refers to app_error.o(i.app_error_handler) for app_error_handler
    main.o(i.conn_params_init) refers to main.o(i.on_conn_params_evt) for on_conn_params_evt
    main.o(i.conn_params_init) refers to main.o(i.conn_params_error_handler) for conn_params_error_handler
    main.o(i.data_dump_timeout) refers to main.o(i.readDataFromFRAM) for readDataFromFRAM
    main.o(i.data_dump_timeout) refers to app_timer.o(i.app_timer_stop) for app_timer_stop
    main.o(i.data_dump_timeout) refers to segger_rtt.o(i.SEGGER_RTT_WriteString) for SEGGER_RTT_WriteString
    main.o(i.data_dump_timeout) refers to main.o(.data) for FRAMreadRegister
    main.o(i.data_dump_timeout) refers to main.o(.constdata) for data_dump_id
    main.o(i.device_manager_evt_handler) refers to app_error.o(i.app_error_handler) for app_error_handler
    main.o(i.device_manager_init) refers to pstorage.o(i.pstorage_init) for pstorage_init
    main.o(i.device_manager_init) refers to app_error.o(i.app_error_handler) for app_error_handler
[...]
    sm_state_change                          0x00022d51   Thumb Code    14  pstorage.o(i.sm_state_change)
    i.softdevice_ble_evt_handler_set         0x00022d64   Section        0  softdevice_handler.o(i.softdevice_ble_evt_handler_set)
    i.softdevice_enable                      0x00022d7c   Section        0  softdevice_handler.o(i.softdevice_enable)
    i.softdevice_enable_get_default_config   0x00022d98   Section        0  softdevice_handler.o(i.softdevice_enable_get_default_config)
    i.softdevice_fault_handler               0x00022dc4   Section        0  softdevice_handler.o(i.softdevice_fault_handler)
    i.softdevice_handler_init                0x00022dd8   Section        0  softdevice_handler.o(i.softdevice_handler_init)
    i.softdevice_sys_evt_handler_set         0x00022e3c   Section        0  softdevice_handler.o(i.softdevice_sys_evt_handler_set)
    i.spiInit                                0x00022e54   Section        0  main.o(i.spiInit)
    i.spi_event_handler                      0x00022ec4   Section        0  main.o(i.spi_event_handler)
    i.spi_xfer                               0x00022ed0   Section        0  nrf_drv_spi.o(i.spi_xfer)
    spi_xfer                                 0x00022ed1   Thumb Code   158  nrf_drv_spi.o(i.spi_xfer)
    i.srdata_check                           0x00022f6e   Section        0  ble_advdata.o(i.srdata_check)
    srdata_check                             0x00022f6f   Thumb Code    14  ble_advdata.o(i.srdata_check)
    i.startUartXfer                          0x00022f7c   Section        0  our_service.o(i.startUartXfer)
    i.state_data_erase_entry_run             0x00022f94   Section        0  pstorage.o(i.state_data_erase_entry_run)
    state_data_erase_entry_run               0x00022f95   Thumb Code    12  pstorage.o(i.state_data_erase_entry_run)
    i.state_data_erase_swap_entry_run        0x00022fa4   Section        0  pstorage.o(i.state_data_erase_swap_entry_run)
    state_data_erase_swap_entry_run          0x00022fa5   Thumb Code   124  pstorage.o(i.state_data_erase_swap_entry_run)
    i.state_entry_action_run                 0x00023030   Section        0  pstorage.o(i.state_entry_action_run)
    state_entry_action_run                   0x00023031   Thumb Code    52  pstorage.o(i.state_entry_action_run)
    i.state_erase_data_page_entry_run        0x00023068   Section        0  pstorage.o(i.state_erase_data_page_entry_run)
    state_erase_data_page_entry_run          0x00023069   Thumb Code    12  pstorage.o(i.state_erase_data_page_entry_run)
    i.state_idle_entry_run                   0x00023078   Section        0  pstorage.o(i.state_idle_entry_run)
    state_idle_entry_run                     0x00023079   Thumb Code    18  pstorage.o(i.state_idle_entry_run)
    i.state_restore_head_entry_run           0x00023094   Section        0  pstorage.o(i.state_restore_head_entry_run)
    state_restore_head_entry_run             0x00023095   Thumb Code    44  pstorage.o(i.state_restore_head_entry_run)
    i.state_restore_tail_entry_run           0x000230c8   Section        0  pstorage.o(i.state_restore_tail_entry_run)
    state_restore_tail_entry_run             0x000230c9   Thumb Code    80  pstorage.o(i.state_restore_tail_entry_run)
    i.state_store_entry_run                  0x00023120   Section        0  pstorage.o(i.state_store_entry_run)
    state_store_entry_run                    0x00023121   Thumb Code     8  pstorage.o(i.state_store_entry_run)
    i.state_swap_erase_entry_run             0x00023128   Section        0  pstorage.o(i.state_swap_erase_entry_run)
    state_swap_erase_entry_run               0x00023129   Thumb Code    30  pstorage.o(i.state_swap_erase_entry_run)
    i.state_write_data_swap_entry_run        0x00023148   Section        0  pstorage.o(i.state_write_data_swap_entry_run)
    state_write_data_swap_entry_run          0x00023149   Thumb Code    50  pstorage.o(i.state_write_data_swap_entry_run)
    i.storage_operation_dummy_handler        0x00023180   Section        0  device_manager_peripheral.o(i.storage_operation_dummy_handler)
    storage_operation_dummy_handler          0x00023181   Thumb Code     8  device_manager_peripheral.o(i.storage_operation_dummy_handler)
    i.store_cmd_flash_write_execute          0x00023188   Section        0  pstorage.o(i.store_cmd_flash_write_execute)
    store_cmd_flash_write_execute            0x00023189   Thumb Code    94  pstorage.o(i.store_cmd_flash_write_execute)
    i.store_operation_execute                0x000231f0   Section        0  pstorage.o(i.store_operation_execute)
    store_operation_execute                  0x000231f1   Thumb Code    10  pstorage.o(i.store_operation_execute)
    i.store_sub_state_sm_run                 0x000231fc   Section        0  pstorage.o(i.store_sub_state_sm_run)
    store_sub_state_sm_run                   0x000231fd   Thumb Code    60  pstorage.o(i.store_sub_state_sm_run)
    i.swap_erase_state_run                   0x00023244   Section        0  pstorage.o(i.swap_erase_state_run)
    swap_erase_state_run                     0x00023245   Thumb Code    26  pstorage.o(i.swap_erase_state_run)
    i.swap_sub_sm_exit_action_run            0x00023264   Section        0  pstorage.o(i.swap_sub_sm_exit_action_run)
    swap_sub_sm_exit_action_run              0x00023265   Thumb Code     8  pstorage.o(i.swap_sub_sm_exit_action_run)
    i.swap_sub_state_entry_action_run        0x0002326c   Section        0  pstorage.o(i.swap_sub_state_entry_action_run)
    swap_sub_state_entry_action_run          0x0002326d   Thumb Code    16  pstorage.o(i.swap_sub_state_entry_action_run)
    i.swap_sub_state_err_busy_process        0x00023284   Section        0  pstorage.o(i.swap_sub_state_err_busy_process)
    swap_sub_state_err_busy_process          0x00023285   Thumb Code    24  pstorage.o(i.swap_sub_state_err_busy_process)
    i.swap_sub_state_sm_run                  0x000232a4   Section        0  pstorage.o(i.swap_sub_state_sm_run)
    swap_sub_state_sm_run                    0x000232a5   Thumb Code    16  pstorage.o(i.swap_sub_state_sm_run)
    i.swap_sub_state_state_change            0x000232bc   Section        0  pstorage.o(i.swap_sub_state_state_change)
    swap_sub_state_state_change              0x000232bd   Thumb Code    14  pstorage.o(i.swap_sub_state_state_change)
    i.sys_evt_dispatch                       0x000232d0   Section        0  main.o(i.sys_evt_dispatch)
    sys_evt_dispatch                         0x000232d1   Thumb Code    18  main.o(i.sys_evt_dispatch)
    i.tail_restore_state_run                 0x000232e4   Section        0  pstorage.o(i.tail_restore_state_run)
    tail_restore_state_run                   0x000232e5   Thumb Code    24  pstorage.o(i.tail_restore_state_run)
    i.tail_word_size_calculate               0x00023300   Section        0  pstorage.o(i.tail_word_size_calculate)
    tail_word_size_calculate                 0x00023301   Thumb Code    70  pstorage.o(i.tail_word_size_calculate)
    i.ticks_diff_get                         0x0002334c   Section        0  app_timer.o(i.ticks_diff_get)
    ticks_diff_get                           0x0002334d   Thumb Code    10  app_timer.o(i.ticks_diff_get)
    i.timeout_handler_exec                   0x00023358   Section        0  app_timer.o(i.timeout_handler_exec)
    timeout_handler_exec                     0x00023359   Thumb Code    56  app_timer.o(i.timeout_handler_exec)
    i.timer_list_handler                     0x000233d0   Section        0  app_timer.o(i.timer_list_handler)
    timer_list_handler                       0x000233d1   Thumb Code    72  app_timer.o(i.timer_list_handler)
    i.timer_list_handler_sched               0x00023424   Section        0  app_timer.o(i.timer_list_handler_sched)
    timer_list_handler_sched                 0x00023425   Thumb Code    10  app_timer.o(i.timer_list_handler_sched)
    i.timer_list_insert                      0x00023430   Section        0  app_timer.o(i.timer_list_insert)
    timer_list_insert                        0x00023431   Thumb Code    98  app_timer.o(i.timer_list_insert)
    i.timer_list_remove                      0x00023498   Section        0  app_timer.o(i.timer_list_remove)
    timer_list_remove                        0x00023499   Thumb Code    90  app_timer.o(i.timer_list_remove)
    i.timer_start_op_schedule                0x00023504   Section        0  app_timer.o(i.timer_start_op_schedule)
    timer_start_op_schedule                  0x00023505   Thumb Code    86  app_timer.o(i.timer_start_op_schedule)
    i.timer_stop_op_schedule                 0x00023560   Section        0  app_timer.o(i.timer_stop_op_schedule)
    timer_stop_op_schedule                   0x00023561   Thumb Code    58  app_timer.o(i.timer_stop_op_schedule)
    i.timer_timeout_handler                  0x000235a0   Section        0  main.o(i.timer_timeout_handler)
    timer_timeout_handler                    0x000235a1   Thumb Code    26  main.o(i.timer_timeout_handler)
    i.timer_timeouts_check                   0x000235c4   Section        0  app_timer.o(i.timer_timeouts_check)
    timer_timeouts_check                     0x000235c5   Thumb Code   130  app_timer.o(i.timer_timeouts_check)
    i.timer_timeouts_check_sched             0x0002365c   Section        0  app_timer.o(i.timer_timeouts_check_sched)
    timer_timeouts_check_sched               0x0002365d   Thumb Code    10  app_timer.o(i.timer_timeouts_check_sched)
    i.timers_init                            0x00023668   Section        0  main.o(i.timers_init)
    timers_init                              0x00023669   Thumb Code    66  main.o(i.timers_init)
    i.tk_value_encode                        0x000236d0   Section        0  ble_advdata.o(i.tk_value_encode)
    tk_value_encode                          0x000236d1   Thumb Code    70  ble_advdata.o(i.tk_value_encode)
    i.transfer_byte                          0x00023716   Section        0  nrf_drv_spi.o(i.transfer_byte)
    transfer_byte                            0x00023717   Thumb Code   106  nrf_drv_spi.o(i.transfer_byte)
    i.twi_clear_bus                          0x00023780   Section        0  nrf_drv_twi.o(i.twi_clear_bus)
    twi_clear_bus                            0x00023781   Thumb Code   138  nrf_drv_twi.o(i.twi_clear_bus)
    i.twi_master_init                        0x00023814   Section        0  main.o(i.twi_master_init)
    twi_master_init                          0x00023815   Thumb Code    46  main.o(i.twi_master_init)
    i.twi_receive_byte                       0x0002384c   Section        0  nrf_drv_twi.o(i.twi_receive_byte)
    twi_receive_byte                         0x0002384d   Thumb Code    76  nrf_drv_twi.o(i.twi_receive_byte)
    i.twi_rx_start_transfer                  0x00023898   Section        0  nrf_drv_twi.o(i.twi_rx_start_transfer)
    twi_rx_start_transfer                    0x00023899   Thumb Code   166  nrf_drv_twi.o(i.twi_rx_start_transfer)
    i.twi_send_byte                          0x0002393e   Section        0  nrf_drv_twi.o(i.twi_send_byte)
    twi_send_byte                            0x0002393f   Thumb Code    72  nrf_drv_twi.o(i.twi_send_byte)
    i.twi_transfer                           0x00023986   Section        0  nrf_drv_twi.o(i.twi_transfer)
    twi_transfer                             0x00023987   Thumb Code   290  nrf_drv_twi.o(i.twi_transfer)
    i.twi_tx_start_transfer                  0x00023aa8   Section        0  nrf_drv_twi.o(i.twi_tx_start_transfer)
    twi_tx_start_transfer                    0x00023aa9   Thumb Code   172  nrf_drv_twi.o(i.twi_tx_start_transfer)
    i.twi_xfer                               0x00023b54   Section        0  nrf_drv_twi.o(i.twi_xfer)
    twi_xfer                                 0x00023b55   Thumb Code   184  nrf_drv_twi.o(i.twi_xfer)
    i.tx_byte                                0x00023c0c   Section        0  nrf_drv_uart.o(i.tx_byte)
    tx_byte                                  0x00023c0d   Thumb Code    42  nrf_drv_uart.o(i.tx_byte)
    i.tx_done_event                          0x00023c44   Section        0  nrf_drv_uart.o(i.tx_done_event)
    tx_done_event                            0x00023c45   Thumb Code    38  nrf_drv_uart.o(i.tx_done_event)
    i.tx_power_level_encode                  0x00023c70   Section        0  ble_advdata.o(i.tx_power_level_encode)
    tx_power_level_encode                    0x00023c71   Thumb Code    54  ble_advdata.o(i.tx_power_level_encode)
    i.uart_irq_handler                       0x00023ca8   Section        0  nrf_drv_uart.o(i.uart_irq_handler)
    uart_irq_handler                         0x00023ca9   Thumb Code   342  nrf_drv_uart.o(i.uart_irq_handler)
    i.uarte_irq_handler                      0x00023e08   Section        0  nrf_drv_uart.o(i.uarte_irq_handler)
    uarte_irq_handler                        0x00023e09   Thumb Code   286  nrf_drv_uart.o(i.uarte_irq_handler)
    i.uint16_encode                          0x00023f34   Section        0  ble_advdata.o(i.uint16_encode)
    uint16_encode                            0x00023f35   Thumb Code    12  ble_advdata.o(i.uint16_encode)
    i.update_operation_execute               0x00023f40   Section        0  pstorage.o(i.update_operation_execute)
    update_operation_execute                 0x00023f41   Thumb Code     8  pstorage.o(i.update_operation_execute)
    i.update_status_bit_reset                0x00023f48   Section        0  device_manager_peripheral.o(i.update_status_bit_reset)
    update_status_bit_reset                  0x00023f49   Thumb Code    16  device_manager_peripheral.o(i.update_status_bit_reset)
    i.update_timeout_handler                 0x00023f5c   Section        0  ble_conn_params.o(i.update_timeout_handler)
    update_timeout_handler                   0x00023f5d   Thumb Code   126  ble_conn_params.o(i.update_timeout_handler)
    i.user_id_get                            0x00023fec   Section        0  app_timer.o(i.user_id_get)
    user_id_get                              0x00023fed   Thumb Code    78  app_timer.o(i.user_id_get)
    i.user_op_alloc                          0x00024044   Section        0  app_timer.o(i.user_op_alloc)
    user_op_alloc                            0x00024045   Thumb Code    48  app_timer.o(i.user_op_alloc)
    i.user_op_enque                          0x00024074   Section        0  app_timer.o(i.user_op_enque)
    user_op_enque                            0x00024075   Thumb Code     4  app_timer.o(i.user_op_enque)
    i.uuid_list_encode                       0x00024078   Section        0  ble_advdata.o(i.uuid_list_encode)
    uuid_list_encode                         0x00024079   Thumb Code    78  ble_advdata.o(i.uuid_list_encode)
    i.uuid_list_sized_encode                 0x000240c6   Section        0  ble_advdata.o(i.uuid_list_sized_encode)
    uuid_list_sized_encode                   0x000240c7   Thumb Code   220  ble_advdata.o(i.uuid_list_sized_encode)
    i.whitelist_has_entries                  0x000241a2   Section        0  ble_advertising.o(i.whitelist_has_entries)
    whitelist_has_entries                    0x000241a3   Thumb Code    18  ble_advertising.o(i.whitelist_has_entries)
    .constdata                               0x000241b4   Section       52  main.o(.constdata)
    spi                                      0x000241b4   Data           8  main.o(.constdata)
    m_twi_master                             0x000241bc   Data           8  main.o(.constdata)
    m_our_char_timer_id                      0x000241c4   Data           4  main.o(.constdata)
    data_dump_id                             0x000241c8   Data           4  main.o(.constdata)
    .constdata                               0x000241e8   Section       40  our_service.o(.constdata)
    data_dump_id                             0x000241e8   Data           4  our_service.o(.constdata)
    .constdata                               0x00024210   Section       60  bsp.o(.constdata)
    m_leds_timer_id                          0x00024210   Data           4  bsp.o(.constdata)
    m_alert_timer_id                         0x00024214   Data           4  bsp.o(.constdata)
    m_button_timer_id                        0x00024218   Data           4  bsp.o(.constdata)
    m_buttons_list                           0x0002421c   Data          16  bsp.o(.constdata)
    app_buttons                              0x0002422c   Data          32  bsp.o(.constdata)
    .constdata                               0x0002424c   Section        4  ble_conn_params.o(.constdata)
    m_conn_params_timer_id                   0x0002424c   Data           4  ble_conn_params.o(.constdata)
    .constdata                               0x00024250   Section       52  device_manager_peripheral.o(.constdata)
    .constdata                               0x00024284   Section       40  pstorage.o(.constdata)
    swap_sub_state_sm_lut                    0x00024284   Data          20  pstorage.o(.constdata)
    swap_sub_state_sm_lut                    0x00024298   Data          20  pstorage.o(.constdata)
    .constdata                               0x000242ac   Section       44  nrf_drv_twi.o(.constdata)
    m_default_config                         0x000242ac   Data          32  nrf_drv_twi.o(.constdata)
    .constdata                               0x000242d8   Section       16  nrf_drv_spi.o(.constdata)
    m_default_config                         0x000242d8   Data          16  nrf_drv_spi.o(.constdata)
    .constdata                               0x000242e8   Section       16  segger_rtt_printf.o(.constdata)
    _aV2C                                    0x000242e8   Data          16  segger_rtt_printf.o(.constdata)
    .conststring                             0x000242f8   Section       76  device_manager_peripheral.o(.conststring)
    .conststring                             0x00024344   Section       87  softdevice_handler.o(.conststring)
    .conststring                             0x0002439c   Section        9  segger_rtt.o(.conststring)
    .data                                    0x20002080   Section      106  main.o(.data)
    m_app_handle                             0x20002080   Data           1  main.o(.data)
    m_conn_handle                            0x20002082   Data           2  main.o(.data)
    spi_xfer_done                            0x200020a1   Data           1  main.o(.data)
    m_adv_uuids                              0x200020e6   Data           4  main.o(.data)
    .data                                    0x200020ea   Section        2  our_service.o(.data)
    .data                                    0x200020ec   Section       25  bsp.o(.data)
    m_stable_state                           0x200020ec   Data           1  bsp.o(.data)
    m_app_ticks_per_100ms                    0x200020f0   Data           4  bsp.o(.data)
    m_indication_type                        0x200020f4   Data           4  bsp.o(.data)
    m_alert_mask                             0x200020f8   Data           4  bsp.o(.data)
    m_registered_callback                    0x200020fc   Data           4  bsp.o(.data)
    current_long_push_pin_no                 0x20002100   Data           1  bsp.o(.data)
    release_event_at_push                    0x20002101   Data           4  bsp.o(.data)
    .data                                    0x20002108   Section        8  bsp_btn_ble.o(.data)
    m_error_handler                          0x20002108   Data           4  bsp_btn_ble.o(.data)
    m_num_connections                        0x2000210c   Data           4  bsp_btn_ble.o(.data)
    .data                                    0x20002110   Section       32  ble_advertising.o(.data)
    m_advertising_start_pending              0x20002110   Data           1  ble_advertising.o(.data)
    m_peer_address                           0x20002111   Data           7  ble_advertising.o(.data)
    m_adv_evt                                0x20002118   Data           1  ble_advertising.o(.data)
    m_evt_handler                            0x2000211c   Data           4  ble_advertising.o(.data)
    m_error_handler                          0x20002120   Data           4  ble_advertising.o(.data)
    m_adv_mode_current                       0x20002124   Data           1  ble_advertising.o(.data)
    m_whitelist_temporarily_disabled         0x20002125   Data           1  ble_advertising.o(.data)
    m_whitelist_reply_expected               0x20002126   Data           1  ble_advertising.o(.data)
    m_peer_addr_reply_expected               0x20002127   Data           1  ble_advertising.o(.data)
    m_slave_conn_int                         0x20002128   Data           4  ble_advertising.o(.data)
    m_tx_power_level                         0x2000212c   Data           1  ble_advertising.o(.data)
    current_slave_link_conn_handle           0x2000212e   Data           2  ble_advertising.o(.data)
    .data                                    0x20002130   Section       21  ble_conn_params.o(.data)
    m_preferred_conn_params                  0x20002130   Data           8  ble_conn_params.o(.data)
    m_update_count                           0x20002138   Data           1  ble_conn_params.o(.data)
    m_conn_handle                            0x2000213a   Data           2  ble_conn_params.o(.data)
    m_current_conn_params                    0x2000213c   Data           8  ble_conn_params.o(.data)
    m_change_param                           0x20002144   Data           1  ble_conn_params.o(.data)
    .data                                    0x20002148   Section       20  device_manager_peripheral.o(.data)
    m_storage_handle                         0x20002148   Data           8  device_manager_peripheral.o(.data)
    m_peer_addr_update                       0x20002150   Data           4  device_manager_peripheral.o(.data)
    m_module_initialized                     0x20002154   Data           1  device_manager_peripheral.o(.data)
    m_irk_index_table                        0x20002155   Data           7  device_manager_peripheral.o(.data)
    .data                                    0x2000215c   Section       40  pstorage.o(.data)
    m_next_app_instance                      0x2000215c   Data           2  pstorage.o(.data)
    m_next_page_addr                         0x20002160   Data           4  pstorage.o(.data)
    m_state                                  0x20002164   Data           1  pstorage.o(.data)
    m_swap_sub_state                         0x20002165   Data           1  pstorage.o(.data)
    m_head_word_size                         0x20002168   Data           4  pstorage.o(.data)
    m_tail_word_size                         0x2000216c   Data           4  pstorage.o(.data)
    m_current_page_id                        0x20002170   Data           4  pstorage.o(.data)
    m_num_of_command_retries                 0x20002174   Data           4  pstorage.o(.data)
    m_num_of_bytes_written                   0x20002178   Data           4  pstorage.o(.data)
    m_app_data_size                          0x2000217c   Data           4  pstorage.o(.data)
    m_flags                                  0x20002180   Data           4  pstorage.o(.data)
    .data                                    0x20002184   Section       34  app_timer.o(.data)
    m_user_array_size                        0x20002184   Data           1  app_timer.o(.data)
    mp_users                                 0x20002188   Data           4  app_timer.o(.data)
    mp_timer_id_head                         0x2000218c   Data           4  app_timer.o(.data)
    m_ticks_latest                           0x20002190   Data           4  app_timer.o(.data)
    m_ticks_elapsed                          0x20002194   Data           8  app_timer.o(.data)
    m_ticks_elapsed_q_read_ind               0x2000219c   Data           1  app_timer.o(.data)
    m_ticks_elapsed_q_write_ind              0x2000219d   Data           1  app_timer.o(.data)
    m_evt_schedule_func                      0x200021a0   Data           4  app_timer.o(.data)
    m_rtc1_running                           0x200021a4   Data           1  app_timer.o(.data)
    m_rtc1_reset                             0x200021a5   Data           1  app_timer.o(.data)
    .data                                    0x200021a8   Section       24  softdevice_handler.o(.data)
    m_evt_schedule_func                      0x200021a8   Data           4  softdevice_handler.o(.data)
    m_softdevice_enabled                     0x200021ac   Data           1  softdevice_handler.o(.data)
    mp_ble_evt_buffer                        0x200021b0   Data           4  softdevice_handler.o(.data)
    m_ble_evt_buffer_size                    0x200021b4   Data           2  softdevice_handler.o(.data)
    m_ble_evt_handler                        0x200021b8   Data           4  softdevice_handler.o(.data)
    m_sys_evt_handler                        0x200021bc   Data           4  softdevice_handler.o(.data)
    .data                                    0x200021c0   Section      121  segger_rtt.o(.data)
    _SEGGER_RTT                              0x200021c0   Data         120  segger_rtt.o(.data)
    _ActiveTerminal                          0x20002238   Data           1  segger_rtt.o(.data)
    .data                                    0x2000223c   Section        4  system_nrf52.o(.data)
    __tagsym$$used                           0x2000223c   Number         0  system_nrf52.o(.data)
    .bss                                     0x20002240   Section     1268  main.o(.bss)
    ADXLdataBuffer                           0x20002272   Data         196  main.o(.bss)
    ADXLdataBuffer2                          0x20002336   Data         196  main.o(.bss)
    m_our_char_timer_id_data                 0x20002420   Data          32  main.o(.bss)
    data_dump_id_data                        0x20002440   Data          32  main.o(.bss)
    FRAMrx5                                  0x20002460   Data         196  main.o(.bss)
    APP_TIMER_BUF                            0x20002524   Data         456  main.o(.bss)
    BLE_EVT_BUFFER                           0x200026ec   Data          72  main.o(.bss)
    .bss                                     0x20002734   Section       32  our_service.o(.bss)
    data_dump_id_data                        0x20002734   Data          32  our_service.o(.bss)
    .bss                                     0x20002754   Section      108  bsp.o(.bss)
    m_leds_timer_id_data                     0x20002754   Data          32  bsp.o(.bss)
    m_alert_timer_id_data                    0x20002774   Data          32  bsp.o(.bss)
    m_events_list                            0x20002794   Data          12  bsp.o(.bss)
    m_button_timer_id_data                   0x200027a0   Data          32  bsp.o(.bss)
    .bss                                     0x200027c0   Section      259  ble_advertising.o(.bss)
    m_advdata                                0x200027c0   Data          56  ble_advertising.o(.bss)
    m_adv_modes_config                       0x200027f8   Data          36  ble_advertising.o(.bss)
    m_whitelist                              0x2000281c   Data          16  ble_advertising.o(.bss)
    mp_whitelist_addr                        0x2000282c   Data          32  ble_advertising.o(.bss)
    mp_whitelist_irk                         0x2000284c   Data          32  ble_advertising.o(.bss)
    m_manuf_specific_data                    0x2000286c   Data          12  ble_advertising.o(.bss)
    m_manuf_data_array                       0x20002878   Data          31  ble_advertising.o(.bss)
    m_service_data                           0x20002898   Data          12  ble_advertising.o(.bss)
    m_service_data_array                     0x200028a4   Data          31  ble_advertising.o(.bss)
    .bss                                     0x200028c4   Section       60  ble_conn_params.o(.bss)
    m_conn_params_config                     0x200028c4   Data          28  ble_conn_params.o(.bss)
    m_conn_params_timer_id_data              0x200028e0   Data          32  ble_conn_params.o(.bss)
    .bss                                     0x20002900   Section      335  device_manager_peripheral.o(.bss)
    m_app_context_table                      0x20002900   Data          28  device_manager_peripheral.o(.bss)
    m_peer_table                             0x2000291c   Data         196  device_manager_peripheral.o(.bss)
    m_bond_table                             0x200029e0   Data          28  device_manager_peripheral.o(.bss)
    m_gatts_table                            0x200029fc   Data          36  device_manager_peripheral.o(.bss)
    m_connection_table                       0x20002a20   Data          12  device_manager_peripheral.o(.bss)
    m_application_table                      0x20002a2c   Data          12  device_manager_peripheral.o(.bss)
    m_local_id_info                          0x20002a38   Data          23  device_manager_peripheral.o(.bss)
    .bss                                     0x20002a50   Section       88  nrf_drv_gpiote.o(.bss)
    m_cb                                     0x20002a50   Data          88  nrf_drv_gpiote.o(.bss)
    .bss                                     0x20002aa8   Section       32  nrf_drv_uart.o(.bss)
    m_cb                                     0x20002aa8   Data          32  nrf_drv_uart.o(.bss)
    .bss                                     0x20002ac8   Section      228  pstorage.o(.bss)
    m_cmd_queue                              0x20002ac8   Data         204  pstorage.o(.bss)
    m_app_table                              0x20002b94   Data          24  pstorage.o(.bss)
    .bss                                     0x20002bac   Section       80  nrf_drv_twi.o(.bss)
    m_cb                                     0x20002bac   Data          80  nrf_drv_twi.o(.bss)
    .bss                                     0x20002bfc   Section       32  nrf_drv_spi.o(.bss)
    m_cb                                     0x20002bfc   Data          32  nrf_drv_spi.o(.bss)
    .bss                                     0x20002c1c   Section       32  app_error.o(.bss)
    m_error_data                             0x20002c1c   Data          32  app_error.o(.bss)
    .bss                                     0x20002c3c   Section       88  fstorage.o(.bss)
    m_queue                                  0x20002c3c   Data          88  fstorage.o(.bss)
    .bss                                     0x20002c94   Section       12  softdevice_handler.o(.bss)
    .bss                                     0x20002ca0   Section     1040  segger_rtt.o(.bss)
    _acUpBuffer                              0x20002ca0   Data        1024  segger_rtt.o(.bss)
    _acDownBuffer                            0x200030a0   Data          16  segger_rtt.o(.bss)
    STACK                                    0x200030b0   Section     8192  arm_startup_nrf52.o(STACK)

    Global Symbols

    Symbol Name                              Value     Ov Type        Size  Object(Section)

    BuildAttributes$$THM_ISAv4$E$P$D$K$B$S$7EM$VFPi3$EXTD16$VFPS$VFMA$PE$A:L22UL41UL21$X:L11$S22US41US21$IEEE1$IW$USESV6$~STKCKD$USESV7$~SHL$OTIME$ROPI$IEEEJ$EBA8$MICROLIB$REQ8$PRES8$EABIv2 0x00000000   Number         0  anon$$obj.o ABSOLUTE
    __ARM_use_no_argv                        0x00000000   Number         0  main.o ABSOLUTE
    __cpp_initialize__aeabi_                  - Undefined Weak Reference
    __cxa_finalize                            - Undefined Weak Reference
    _clock_init                               - Undefined Weak Reference
    _microlib_exit                            - Undefined Weak Reference
    fs_data$$Base                             - Undefined Reference
    fs_data$$Limit                            - Undefined Reference
    __Vectors_Size                           0x00000400   Number         0  arm_startup_nrf52.o ABSOLUTE
    __Vectors                                0x0001c000   Data           4  arm_startup_nrf52.o(RESET)
    __Vectors_End                            0x0001c400   Data           0  arm_startup_nrf52.o(RESET)
    __main                                   0x0001c401   Thumb Code     0  entry.o(.ARM.Collect$$$$00000000)
    _main_stk                                0x0001c401   Thumb Code     0  entry2.o(.ARM.Collect$$$$00000001)
    _main_scatterload                        0x0001c405   Thumb Code     0  entry5.o(.ARM.Collect$$$$00000004)
    __main_after_scatterload                 0x0001c409   Thumb Code     0  entry5.o(.ARM.Collect$$$$00000004)
    _main_clock                              0x0001c409   Thumb Code     0  entry7b.o(.ARM.Collect$$$$00000008)
    _main_cpp_init                           0x0001c409   Thumb Code     0  entry8b.o(.ARM.Collect$$$$0000000A)
    _main_init                               0x0001c409   Thumb Code     0  entry9a.o(.ARM.Collect$$$$0000000B)
    __rt_final_cpp                           0x0001c411   Thumb Code     0  entry10a.o(.ARM.Collect$$$$0000000D)
    __rt_final_exit                          0x0001c411   Thumb Code     0  entry11a.o(.ARM.Collect$$$$0000000F)
    __asm___11_nrf_delay_c_532987f3__nrf_delay_us 0x0001c415   Thumb Code   118  nrf_delay.o(.emb_text)
    __asm___13_nrf_drv_twi_c_a9bcf68d__nrf_delay_us 0x0001c48d   Thumb Code   118  nrf_drv_twi.o(.emb_text)
    __asm___11_app_timer_c_cd27f9c3__nrf_delay_us 0x0001c505   Thumb Code   118  app_timer.o(.emb_text)
    Reset_Handler                            0x0001c57d   Thumb Code     8  arm_startup_nrf52.o(.text)
    NMI_Handler                              0x0001c585   Thumb Code     2  arm_startup_nrf52.o(.text)
    HardFault_Handler                        0x0001c587   Thumb Code     2  arm_startup_nrf52.o(.text)
    MemoryManagement_Handler                 0x0001c589   Thumb Code     2  arm_startup_nrf52.o(.text)
    BusFault_Handler                         0x0001c58b   Thumb Code     2  arm_startup_nrf52.o(.text)
    UsageFault_Handler                       0x0001c58d   Thumb Code     2  arm_startup_nrf52.o(.text)
    SVC_Handler                              0x0001c58f   Thumb Code     2  arm_startup_nrf52.o(.text)
    DebugMon_Handler                         0x0001c591   Thumb Code     2  arm_startup_nrf52.o(.text)
    PendSV_Handler                           0x0001c593   Thumb Code     2  arm_startup_nrf52.o(.text)
    SysTick_Handler                          0x0001c595   Thumb Code     2  arm_startup_nrf52.o(.text)
    CCM_AAR_IRQHandler                       0x0001c597   Thumb Code     0  arm_startup_nrf52.o(.text)
    COMP_LPCOMP_IRQHandler                   0x0001c597   Thumb Code     0  arm_startup_nrf52.o(.text)
    ECB_IRQHandler                           0x0001c597   Thumb Code     0  arm_startup_nrf52.o(.text)
    FPU_IRQHandler                           0x0001c597   Thumb Code     0  arm_startup_nrf52.o(.text)
    I2S_IRQHandler                           0x0001c597   Thumb Code     0  arm_startup_nrf52.o(.text)
    MWU_IRQHandler                           0x0001c597   Thumb Code     0  arm_startup_nrf52.o(.text)
    NFCT_IRQHandler                          0x0001c597   Thumb Code     0  arm_startup_nrf52.o(.text)
    PDM_IRQHandler                           0x0001c597   Thumb Code     0  arm_startup_nrf52.o(.text)
    POWER_CLOCK_IRQHandler                   0x0001c597   Thumb Code     0  arm_startup_nrf52.o(.text)
    PWM0_IRQHandler                          0x0001c597   Thumb Code     0  arm_startup_nrf52.o(.text)
    PWM1_IRQHandler                          0x0001c597   Thumb Code     0  arm_startup_nrf52.o(.text)
    PWM2_IRQHandler                          0x0001c597   Thumb Code     0  arm_startup_nrf52.o(.text)
    QDEC_IRQHandler                          0x0001c597   Thumb Code     0  arm_startup_nrf52.o(.text)
    RADIO_IRQHandler                         0x0001c597   Thumb Code     0  arm_startup_nrf52.o(.text)
    RNG_IRQHandler                           0x0001c597   Thumb Code     0  arm_startup_nrf52.o(.text)
    RTC0_IRQHandler                          0x0001c597   Thumb Code     0  arm_startup_nrf52.o(.text)
    RTC2_IRQHandler                          0x0001c597   Thumb Code     0  arm_startup_nrf52.o(.text)
    SAADC_IRQHandler                         0x0001c597   Thumb Code     0  arm_startup_nrf52.o(.text)
    SWI1_EGU1_IRQHandler                     0x0001c597   Thumb Code     0  arm_startup_nrf52.o(.text)
    SWI3_EGU3_IRQHandler                     0x0001c597   Thumb Code     0  arm_startup_nrf52.o(.text)
    SWI4_EGU4_IRQHandler                     0x0001c597   Thumb Code     0  arm_startup_nrf52.o(.text)
    SWI5_EGU5_IRQHandler                     0x0001c597   Thumb Code     0  arm_startup_nrf52.o(.text)
    TEMP_IRQHandler                          0x0001c597   Thumb Code     0  arm_startup_nrf52.o(.text)
    TIMER0_IRQHandler                        0x0001c597   Thumb Code     0  arm_startup_nrf52.o(.text)
    TIMER1_IRQHandler                        0x0001c597   Thumb Code     0  arm_startup_nrf52.o(.text)
    TIMER2_IRQHandler                        0x0001c597   Thumb Code     0  arm_startup_nrf52.o(.text)
    TIMER3_IRQHandler                        0x0001c597   Thumb Code     0  arm_startup_nrf52.o(.text)
    TIMER4_IRQHandler                        0x0001c597   Thumb Code     0  arm_startup_nrf52.o(.text)
    WDT_IRQHandler                           0x0001c597   Thumb Code     0  arm_startup_nrf52.o(.text)
    __aeabi_memcpy                           0x0001c5a1   Thumb Code    36  memcpya.o(.text)
    __aeabi_memcpy4                          0x0001c5a1   Thumb Code     0  memcpya.o(.text)
    __aeabi_memcpy8                          0x0001c5a1   Thumb Code     0  memcpya.o(.text)
    __aeabi_memset                           0x0001c5c5   Thumb Code    14  memseta.o(.text)
    __aeabi_memset4                          0x0001c5c5   Thumb Code     0  memseta.o(.text)
    __aeabi_memset8                          0x0001c5c5   Thumb Code     0  memseta.o(.text)
    __aeabi_memclr                           0x0001c5d3   Thumb Code     4  memseta.o(.text)
    __aeabi_memclr4                          0x0001c5d3   Thumb Code     0  memseta.o(.text)
    __aeabi_memclr8                          0x0001c5d3   Thumb Code     0  memseta.o(.text)
    _memset$wrapper                          0x0001c5d7   Thumb Code    18  memseta.o(.text)
    memcmp                                   0x0001c5e9   Thumb Code    26  memcmp.o(.text)
    __scatterload                            0x0001c605   Thumb Code    28  init.o(.text)
    __scatterload_rt2                        0x0001c605   Thumb Code     0  init.o(.text)
    __decompress                             0x0001c629   Thumb Code     0  __dczerorl.o(.text)
    __decompress0                            0x0001c629   Thumb Code    58  __dczerorl.o(.text)
    GPIOTE_IRQHandler                        0x0001c665   Thumb Code   420  nrf_drv_gpiote.o(i.GPIOTE_IRQHandler)
    RTC1_IRQHandler                          0x0001c88d   Thumb Code    44  app_timer.o(i.RTC1_IRQHandler)
    SEGGER_RTT_Write                         0x0001c8c1   Thumb Code   364  segger_rtt.o(i.SEGGER_RTT_Write)
    SEGGER_RTT_WriteString                   0x0001ca31   Thumb Code    26  segger_rtt.o(i.SEGGER_RTT_WriteString)
    SEGGER_RTT_printf                        0x0001ca4b   Thumb Code    26  segger_rtt_printf.o(i.SEGGER_RTT_printf)
    SEGGER_RTT_vprintf                       0x0001ca65   Thumb Code   504  segger_rtt_printf.o(i.SEGGER_RTT_vprintf)
    SPIM0_SPIS0_TWIM0_TWIS0_SPI0_TWI0_IRQHandler 0x0001cc5d   Thumb Code    12  nrf_drv_twi.o(i.SPIM0_SPIS0_TWIM0_TWIS0_SPI0_TWI0_IRQHandler)
    SPIM1_SPIS1_TWIM1_TWIS1_SPI1_TWI1_IRQHandler 0x0001cc71   Thumb Code    14  nrf_drv_twi.o(i.SPIM1_SPIS1_TWIM1_TWIS1_SPI1_TWI1_IRQHandler)
    SPIM2_SPIS2_SPI2_IRQHandler              0x0001cc85   Thumb Code    14  nrf_drv_spi.o(i.SPIM2_SPIS2_SPI2_IRQHandler)
    SWI0_EGU0_IRQHandler                     0x0001cc9d   Thumb Code     8  app_timer.o(i.SWI0_EGU0_IRQHandler)
    SWI2_EGU2_IRQHandler                     0x0001cca5   Thumb Code    48  softdevice_handler.o(i.SWI2_EGU2_IRQHandler)
    SystemCoreClockUpdate                    0x0001ccdd   Thumb Code     8  system_nrf52.o(i.SystemCoreClockUpdate)
    SystemInit                               0x0001cced   Thumb Code   532  system_nrf52.o(i.SystemInit)
    UARTE0_UART0_IRQHandler                  0x0001cf39   Thumb Code    20  nrf_drv_uart.o(i.UARTE0_UART0_IRQHandler)
    __scatterload_copy                       0x0001d175   Thumb Code    14  handlers.o(i.__scatterload_copy)
    __scatterload_null                       0x0001d183   Thumb Code     2  handlers.o(i.__scatterload_null)
    __scatterload_zeroinit                   0x0001d185   Thumb Code    14  handlers.o(i.__scatterload_zeroinit)
    adv_data_encode                          0x0001d1b1   Thumb Code   454  ble_advdata.o(i.adv_data_encode)
    app_error_fault_handler                  0x0001d465   Thumb Code    26  app_error_weak.o(i.app_error_fault_handler)
    app_error_handler                        0x0001d47f   Thumb Code    32  app_error.o(i.app_error_handler)
    app_error_save_and_stop                  0x0001d4a1   Thumb Code   132  app_error.o(i.app_error_save_and_stop)
    app_timer_create                         0x0001d5a1   Thumb Code    56  app_timer.o(i.app_timer_create)
    app_timer_init                           0x0001d5dd   Thumb Code   154  app_timer.o(i.app_timer_init)
    app_timer_start                          0x0001d695   Thumb Code    84  app_timer.o(i.app_timer_start)
    app_timer_stop                           0x0001d6ed   Thumb Code    48  app_timer.o(i.app_timer_stop)
    ble_advdata_set                          0x0001d78d   Thumb Code   148  ble_advdata.o(i.ble_advdata_set)
    ble_advertising_init                     0x0001d821   Thumb Code   324  ble_advertising.o(i.ble_advertising_init)
    ble_advertising_on_ble_evt               0x0001d99d   Thumb Code   224  ble_advertising.o(i.ble_advertising_on_ble_evt)
    ble_advertising_on_sys_evt               0x0001da95   Thumb Code    64  ble_advertising.o(i.ble_advertising_on_sys_evt)
    ble_advertising_start                    0x0001daf1   Thumb Code   604  ble_advertising.o(i.ble_advertising_start)
    ble_conn_params_init                     0x0001dd79   Thumb Code    84  ble_conn_params.o(i.ble_conn_params_init)
    ble_conn_params_on_ble_evt               0x0001dde9   Thumb Code    62  ble_conn_params.o(i.ble_conn_params_on_ble_evt)
    ble_our_service_on_ble_evt               0x0001decd   Thumb Code   120  our_service.o(i.ble_our_service_on_ble_evt)
    bond_data_load                           0x0001e0c1   Thumb Code    64  device_manager_peripheral.o(i.bond_data_load)
    bsp_btn_ble_on_ble_evt                   0x0001e111   Thumb Code   110  bsp_btn_ble.o(i.bsp_btn_ble_on_ble_evt)
    bsp_btn_ble_sleep_mode_prepare           0x0001e189   Thumb Code    28  bsp_btn_ble.o(i.bsp_btn_ble_sleep_mode_prepare)
    bsp_event_to_button_action_assign        0x0001e281   Thumb Code    86  bsp.o(i.bsp_event_to_button_action_assign)
    bsp_indication_set                       0x0001e2dd   Thumb Code    28  bsp.o(i.bsp_indication_set)
    bsp_wakeup_buttons_set                   0x0001e899   Thumb Code    70  bsp.o(i.bsp_wakeup_buttons_set)
    data_dump_timeout                        0x0001efd9   Thumb Code    50  main.o(i.data_dump_timeout)
    dm_ble_evt_handler                       0x0001f3f1   Thumb Code  1696  device_manager_peripheral.o(i.dm_ble_evt_handler)
    dm_handle_initialize                     0x0001faa9   Thumb Code    24  device_manager_peripheral.o(i.dm_handle_initialize)
    dm_init                                  0x0001fac1   Thumb Code   234  device_manager_peripheral.o(i.dm_init)
    dm_register                              0x0001fe25   Thumb Code   166  device_manager_peripheral.o(i.dm_register)
    fs_queued_op_count_get                   0x00020315   Thumb Code    18  fstorage.o(i.fs_queued_op_count_get)
    int_fxn                                  0x000206d1   Thumb Code   252  main.o(i.int_fxn)
    intern_softdevice_events_execute         0x000207f1   Thumb Code   150  softdevice_handler.o(i.intern_softdevice_events_execute)
    main                                     0x00020c89   Thumb Code  1526  main.o(i.main)
    nrf_delay_ms                             0x0002140b   Thumb Code    26  nrf_delay.o(i.nrf_delay_ms)
    nrf_drv_common_irq_enable                0x00021425   Thumb Code    84  nrf_drv_common.o(i.nrf_drv_common_irq_enable)
    nrf_drv_gpiote_in_event_enable           0x00021491   Thumb Code   170  nrf_drv_gpiote.o(i.nrf_drv_gpiote_in_event_enable)
    nrf_drv_gpiote_in_init                   0x00021549   Thumb Code   198  nrf_drv_gpiote.o(i.nrf_drv_gpiote_in_init)
    nrf_drv_gpiote_init                      0x00021621   Thumb Code    78  nrf_drv_gpiote.o(i.nrf_drv_gpiote_init)
    nrf_drv_gpiote_is_init                   0x00021675   Thumb Code    16  nrf_drv_gpiote.o(i.nrf_drv_gpiote_is_init)
    nrf_drv_gpiote_out_clear                 0x00021689   Thumb Code    12  nrf_drv_gpiote.o(i.nrf_drv_gpiote_out_clear)
    nrf_drv_gpiote_out_init                  0x00021695   Thumb Code   190  nrf_drv_gpiote.o(i.nrf_drv_gpiote_out_init)
    nrf_drv_gpiote_out_set                   0x00021761   Thumb Code    12  nrf_drv_gpiote.o(i.nrf_drv_gpiote_out_set)
    nrf_drv_spi_init                         0x0002176d   Thumb Code   326  nrf_drv_spi.o(i.nrf_drv_spi_init)
    nrf_drv_spi_transfer                     0x000218c1   Thumb Code    44  nrf_drv_spi.o(i.nrf_drv_spi_transfer)
    nrf_drv_spi_xfer                         0x000218ed   Thumb Code   106  nrf_drv_spi.o(i.nrf_drv_spi_xfer)
    nrf_drv_twi_enable                       0x0002195d   Thumb Code    32  nrf_drv_twi.o(i.nrf_drv_twi_enable)
    nrf_drv_twi_init                         0x00021981   Thumb Code   142  nrf_drv_twi.o(i.nrf_drv_twi_init)
    nrf_drv_twi_rx                           0x00021a1d   Thumb Code    40  nrf_drv_twi.o(i.nrf_drv_twi_rx)
    nrf_drv_twi_tx                           0x00021a49   Thumb Code    60  nrf_drv_twi.o(i.nrf_drv_twi_tx)
    nrf_drv_twi_xfer                         0x00021a85   Thumb Code    54  nrf_drv_twi.o(i.nrf_drv_twi_xfer)
    our_service_init                         0x00021fe9   Thumb Code   100  our_service.o(i.our_service_init)
    our_termperature_characteristic_update   0x00022069   Thumb Code    68  our_service.o(i.our_termperature_characteristic_update)
    pstorage_access_status_get               0x000221b9   Thumb Code    36  pstorage.o(i.pstorage_access_status_get)
    pstorage_block_identifier_get            0x000221e5   Thumb Code   154  pstorage.o(i.pstorage_block_identifier_get)
    pstorage_clear                           0x00022289   Thumb Code   280  pstorage.o(i.pstorage_clear)
    pstorage_init                            0x000223d1   Thumb Code   110  pstorage.o(i.pstorage_init)
    pstorage_load                            0x00022461   Thumb Code   236  pstorage.o(i.pstorage_load)
    pstorage_register                        0x00022555   Thumb Code   256  pstorage.o(i.pstorage_register)
    pstorage_store                           0x00022665   Thumb Code   212  pstorage.o(i.pstorage_store)
    pstorage_sys_event_handler               0x00022741   Thumb Code    62  pstorage.o(i.pstorage_sys_event_handler)
    pstorage_update                          0x00022789   Thumb Code   212  pstorage.o(i.pstorage_update)
    readDataFromFRAM                         0x00022865   Thumb Code   188  main.o(i.readDataFromFRAM)
    readGyro                                 0x00022935   Thumb Code   148  main.o(i.readGyro)
    sd_check_ram_start                       0x00022b19   Thumb Code    22  softdevice_handler.o(i.sd_check_ram_start)
    softdevice_ble_evt_handler_set           0x00022d65   Thumb Code    20  softdevice_handler.o(i.softdevice_ble_evt_handler_set)
    softdevice_enable                        0x00022d7d   Thumb Code    24  softdevice_handler.o(i.softdevice_enable)
    softdevice_enable_get_default_config     0x00022d99   Thumb Code    44  softdevice_handler.o(i.softdevice_enable_get_default_config)
    softdevice_fault_handler                 0x00022dc5   Thumb Code    20  softdevice_handler.o(i.softdevice_fault_handler)
    softdevice_handler_init                  0x00022dd9   Thumb Code    80  softdevice_handler.o(i.softdevice_handler_init)
    softdevice_sys_evt_handler_set           0x00022e3d   Thumb Code    20  softdevice_handler.o(i.softdevice_sys_evt_handler_set)
    spiInit                                  0x00022e55   Thumb Code   104  main.o(i.spiInit)
    spi_event_handler                        0x00022ec5   Thumb Code     8  main.o(i.spi_event_handler)
    startUartXfer                            0x00022f7d   Thumb Code    18  our_service.o(i.startUartXfer)
    m_service_context_store                  0x00024250   Data          16  device_manager_peripheral.o(.constdata)
    m_service_context_load                   0x00024260   Data          16  device_manager_peripheral.o(.constdata)
    m_service_context_apply                  0x00024270   Data          16  device_manager_peripheral.o(.constdata)
    m_context_init_len                       0x00024280   Data           4  device_manager_peripheral.o(.constdata)
    Region$$Table$$Base                      0x000243a8   Number         0  anon$$obj.o(Region$$Table)
    Region$$Table$$Limit                     0x000243c8   Number         0  anon$$obj.o(Region$$Table)
    Image$$RW_IRAM1$$Base                    0x20002080   Number         0  anon$$obj.o ABSOLUTE
    vector                                   0x20002088   Data           8  main.o(.data)
    testANT                                  0x20002090   Data           1  main.o(.data)
    cs_flag                                  0x20002091   Data           1  main.o(.data)
    FRAMregister                             0x20002094   Data           4  main.o(.data)
    FRAMreadRegister                         0x20002098   Data           4  main.o(.data)
    registerAtStop                           0x2000209c   Data           4  main.o(.data)
    FRAMfull                                 0x200020a0   Data           1  main.o(.data)
    buffTx                                   0x200020a2   Data           1  main.o(.data)
    addrBuffTx                               0x200020a4   Data           4  main.o(.data)
    addrBuffRx                               0x200020a8   Data           4  main.o(.data)
    i                                        0x200020ac   Data           1  main.o(.data)
    writeFlag                                0x200020ad   Data           1  main.o(.data)
    greatestVal                              0x200020b0   Data           8  main.o(.data)
    greatestVal2                             0x200020b8   Data           8  main.o(.data)
    isInt                                    0x200020c0   Data           4  main.o(.data)
    spi_config                               0x200020c4   Data          16  main.o(.data)
    gyroXprevious                            0x200020d4   Data           2  main.o(.data)
    gyroYprevious                            0x200020d6   Data           2  main.o(.data)
    gyroZprevious                            0x200020d8   Data           2  main.o(.data)
    gyroXaprevious                           0x200020da   Data           2  main.o(.data)
    gyroYaprevious                           0x200020dc   Data           2  main.o(.data)
    gyroZaprevious                           0x200020de   Data           2  main.o(.data)
    greatestGyroDiff                         0x200020e0   Data           4  main.o(.data)
    blockUpdate                              0x200020e4   Data           1  main.o(.data)
    FRAMflag                                 0x200020ea   Data           1  our_service.o(.data)
    readFRAMflag                             0x200020eb   Data           1  our_service.o(.data)
    SystemCoreClock                          0x2000223c   Data           4  system_nrf52.o(.data)
    buffRx                                   0x20002240   Data          30  main.o(.bss)
    greatestSample                           0x2000225e   Data          20  main.o(.bss)
    gyro                                     0x200023fa   Data          24  main.o(.bss)
    m_our_service                            0x20002412   Data          12  main.o(.bss)
    nrf_nvic_state                           0x20002c94   Data          12  softdevice_handler.o(.bss)
    __initial_sp                             0x200050b0   Data           0  arm_startup_nrf52.o(STACK)



==============================================================================

Memory Map of the image

  Image Entry point : 0x0001c401

  Load Region LR_IROM1 (Base: 0x0001c000, Size: 0x00008588, Max: 0x00064000, ABSOLUTE, COMPRESSED[0x00008418])

    Execution Region ER_IROM1 (Base: 0x0001c000, Size: 0x000083c8, Max: 0x00064000, ABSOLUTE)

    Base Addr    Size         Type   Attr      Idx    E Section Name        Object

    0x0001c000   0x00000400   Data   RO         3642    RESET               arm_startup_nrf52.o
    0x0001c400   0x00000000   Code   RO         3739  * .ARM.Collect$$$$00000000  mc_w.l(entry.o)
    0x0001c400   0x00000004   Code   RO         3764    .ARM.Collect$$$$00000001  mc_w.l(entry2.o)
    0x0001c404   0x00000004   Code   RO         3767    .ARM.Collect$$$$00000004  mc_w.l(entry5.o)
    0x0001c408   0x00000000   Code   RO         3769    .ARM.Collect$$$$00000008  mc_w.l(entry7b.o)
    0x0001c408   0x00000000   Code   RO         3771    .ARM.Collect$$$$0000000A  mc_w.l(entry8b.o)
    0x0001c408   0x00000008   Code   RO         3772    .ARM.Collect$$$$0000000B  mc_w.l(entry9a.o)
    0x0001c410   0x00000000   Code   RO         3774    .ARM.Collect$$$$0000000D  mc_w.l(entry10a.o)
    0x0001c410   0x00000000   Code   RO         3776    .ARM.Collect$$$$0000000F  mc_w.l(entry11a.o)
    0x0001c410   0x00000004   Code   RO         3765    .ARM.Collect$$$$00002712  mc_w.l(entry2.o)
    0x0001c414   0x00000076   Code   RO         1493    .emb_text           nrf_delay.o
    0x0001c48a   0x00000002   PAD
    0x0001c48c   0x00000076   Code   RO         2422    .emb_text           nrf_drv_twi.o
    0x0001c502   0x00000002   PAD
    0x0001c504   0x00000076   Code   RO         2862    .emb_text           app_timer.o
    0x0001c57a   0x00000002   PAD
    0x0001c57c   0x00000024   Code   RO         3643    .text               arm_startup_nrf52.o
    0x0001c5a0   0x00000024   Code   RO         3742    .text               mc_w.l(memcpya.o)
    0x0001c5c4   0x00000024   Code   RO         3744    .text               mc_w.l(memseta.o)
    0x0001c5e8   0x0000001a   Code   RO         3748    .text               mc_w.l(memcmp.o)
    0x0001c602   0x00000002   PAD
    0x0001c604   0x00000024   Code   RO         3798    .text               mc_w.l(init.o)
    0x0001c628   0x0000003a   Code   RO         3808    .text               mc_w.l(__dczerorl.o)
    0x0001c662   0x00000002   PAD
    0x0001c664   0x000001b8   Code   RO         1563    i.GPIOTE_IRQHandler  nrf_drv_gpiote.o
    0x0001c81c   0x00000018   Code   RO         2863    i.NVIC_ClearPendingIRQ  app_timer.o
    0x0001c834   0x00000016   Code   RO         2864    i.NVIC_EnableIRQ    app_timer.o
    0x0001c84a   0x00000002   PAD
    0x0001c84c   0x00000018   Code   RO         2865    i.NVIC_SetPendingIRQ  app_timer.o
    0x0001c864   0x00000028   Code   RO         2866    i.NVIC_SetPriority  app_timer.o
    0x0001c88c   0x00000034   Code   RO         2867    i.RTC1_IRQHandler   app_timer.o
    0x0001c8c0   0x00000170   Code   RO         3481    i.SEGGER_RTT_Write  segger_rtt.o
    0x0001ca30   0x0000001a   Code   RO         3482    i.SEGGER_RTT_WriteString  segger_rtt.o
    0x0001ca4a   0x0000001a   Code   RO         3564    i.SEGGER_RTT_printf  segger_rtt_printf.o
    0x0001ca64   0x000001f8   Code   RO         3565    i.SEGGER_RTT_vprintf  segger_rtt_printf.o
    0x0001cc5c   0x00000014   Code   RO         2423    i.SPIM0_SPIS0_TWIM0_TWIS0_SPI0_TWI0_IRQHandler  nrf_drv_twi.o
    0x0001cc70   0x00000014   Code   RO         2424    i.SPIM1_SPIS1_TWIM1_TWIS1_SPI1_TWI1_IRQHandler  nrf_drv_twi.o
    0x0001cc84   0x00000018   Code   RO         2616    i.SPIM2_SPIS2_SPI2_IRQHandler  nrf_drv_spi.o
    0x0001cc9c   0x00000008   Code   RO         2868    i.SWI0_EGU0_IRQHandler  app_timer.o
    0x0001cca4   0x00000038   Code   RO         3364    i.SWI2_EGU2_IRQHandler  softdevice_handler.o
    0x0001ccdc   0x00000010   Code   RO         3650    i.SystemCoreClockUpdate  system_nrf52.o
    0x0001ccec   0x0000024c   Code   RO         3651    i.SystemInit        system_nrf52.o
    0x0001cf38   0x00000018   Code   RO         1802    i.UARTE0_UART0_IRQHandler  nrf_drv_uart.o
    0x0001cf50   0x00000002   Code   RO         3483    i._Init             segger_rtt.o
    0x0001cf52   0x000000ea   Code   RO         3566    i._PrintInt         segger_rtt_printf.o
    0x0001d03c   0x000000f4   Code   RO         3567    i._PrintUnsigned    segger_rtt_printf.o
    0x0001d130   0x00000044   Code   RO         3568    i._StoreChar        segger_rtt_printf.o
    0x0001d174   0x0000000e   Code   RO         3802    i.__scatterload_copy  mc_w.l(handlers.o)
    0x0001d182   0x00000002   Code   RO         3803    i.__scatterload_null  mc_w.l(handlers.o)
    0x0001d184   0x0000000e   Code   RO         3804    i.__scatterload_zeroinit  mc_w.l(handlers.o)
    0x0001d192   0x0000001e   Code   RO         3484    i._strlen           segger_rtt.o
    0x0001d1b0   0x000001c6   Code   RO          763    i.adv_data_encode   ble_advdata.o
    0x0001d376   0x00000012   Code   RO          764    i.advdata_check     ble_advdata.o
    0x0001d388   0x00000054   Code   RO          707    i.advertising_buttons_configure  bsp_btn_ble.o
    0x0001d3dc   0x00000088   Code   RO            5    i.advertising_init  main.o
    0x0001d464   0x0000001a   Code   RO         2838    i.app_error_fault_handler  app_error_weak.o
    0x0001d47e   0x00000020   Code   RO         2798    i.app_error_handler  app_error.o
    0x0001d49e   0x00000002   PAD
    0x0001d4a0   0x00000088   Code   RO         2800    i.app_error_save_and_stop  app_error.o
    0x0001d528   0x00000020   Code   RO         1137    i.app_evt_notify    device_manager_peripheral.o
    0x0001d548   0x00000030   Code   RO         2088    i.app_notify        pstorage.o
    0x0001d578   0x00000028   Code   RO         2089    i.app_notify_error_state_transit  pstorage.o
    0x0001d5a0   0x0000003c   Code   RO         2871    i.app_timer_create  app_timer.o
    0x0001d5dc   0x000000b8   Code   RO         2872    i.app_timer_init    app_timer.o
    0x0001d694   0x00000058   Code   RO         2873    i.app_timer_start   app_timer.o
    0x0001d6ec   0x00000034   Code   RO         2874    i.app_timer_stop    app_timer.o
    0x0001d720   0x00000052   Code   RO          765    i.appearance_encode  ble_advdata.o
    0x0001d772   0x00000002   PAD
    0x0001d774   0x00000018   Code   RO            6    i.application_timers_start  main.o
    0x0001d78c   0x00000094   Code   RO          766    i.ble_advdata_set   ble_advdata.o
    0x0001d820   0x0000017c   Code   RO          888    i.ble_advertising_init  ble_advertising.o
    0x0001d99c   0x000000f8   Code   RO          889    i.ble_advertising_on_ble_evt  ble_advertising.o
    0x0001da94   0x0000004c   Code   RO          890    i.ble_advertising_on_sys_evt  ble_advertising.o
    0x0001dae0   0x00000010   Code   RO          892    i.ble_advertising_peer_address_clear  ble_advertising.o
    0x0001daf0   0x00000288   Code   RO          894    i.ble_advertising_start  ble_advertising.o
    0x0001dd78   0x00000070   Code   RO          993    i.ble_conn_params_init  ble_conn_params.o
    0x0001dde8   0x0000003e   Code   RO          994    i.ble_conn_params_on_ble_evt  ble_conn_params.o
    0x0001de26   0x00000074   Code   RO          767    i.ble_device_addr_encode  ble_advdata.o
    0x0001de9a   0x00000002   PAD
    0x0001de9c   0x00000030   Code   RO            8    i.ble_evt_dispatch  main.o
    0x0001decc   0x000000e8   Code   RO          480    i.ble_our_service_on_ble_evt  our_service.o
    0x0001dfb4   0x0000010c   Code   RO            9    i.ble_stack_init    main.o
    0x0001e0c0   0x00000050   Code   RO         1138    i.bond_data_load    device_manager_peripheral.o
    0x0001e110   0x00000078   Code   RO          709    i.bsp_btn_ble_on_ble_evt  bsp_btn_ble.o
    0x0001e188   0x0000001c   Code   RO          710    i.bsp_btn_ble_sleep_mode_prepare  bsp_btn_ble.o
    0x0001e1a4   0x000000dc   Code   RO          591    i.bsp_button_event_handler  bsp.o
    0x0001e280   0x0000005c   Code   RO          596    i.bsp_event_to_button_action_assign  bsp.o
    0x0001e2dc   0x00000020   Code   RO          597    i.bsp_indication_set  bsp.o
    0x0001e2fc   0x0000059c   Code   RO          600    i.bsp_led_indication  bsp.o
    0x0001e898   0x00000050   Code   RO          601    i.bsp_wakeup_buttons_set  bsp.o
    0x0001e8e8   0x00000020   Code   RO         1564    i.channel_free      nrf_drv_gpiote.o
    0x0001e908   0x00000010   Code   RO         1565    i.channel_handler_get  nrf_drv_gpiote.o
    0x0001e918   0x00000080   Code   RO         1566    i.channel_port_alloc  nrf_drv_gpiote.o
    0x0001e998   0x0000000c   Code   RO         1567    i.channel_port_get  nrf_drv_gpiote.o
    0x0001e9a4   0x00000104   Code   RO         2090    i.clear_operation_execute  pstorage.o
    0x0001eaa8   0x00000028   Code   RO         2091    i.clear_post_processing_run  pstorage.o
    0x0001ead0   0x00000048   Code   RO         2092    i.cmd_process       pstorage.o
    0x0001eb18   0x00000014   Code   RO         2093    i.cmd_queue_dequeue  pstorage.o
    0x0001eb2c   0x00000050   Code   RO         2094    i.cmd_queue_element_init  pstorage.o
    0x0001eb7c   0x0000009c   Code   RO         2095    i.cmd_queue_enqueue  pstorage.o
    0x0001ec18   0x00000020   Code   RO         2096    i.cmd_queue_init    pstorage.o
    0x0001ec38   0x00000028   Code   RO         2097    i.command_end_procedure_run  pstorage.o
    0x0001ec60   0x0000002c   Code   RO         2098    i.command_queue_element_consume  pstorage.o
    0x0001ec8c   0x00000090   Code   RO         2876    i.compare_reg_update  app_timer.o
    0x0001ed1c   0x0000005a   Code   RO          768    i.conn_int_check    ble_advdata.o
    0x0001ed76   0x00000068   Code   RO          769    i.conn_int_encode   ble_advdata.o
    0x0001edde   0x00000002   PAD
    0x0001ede0   0x00000028   Code   RO           13    i.conn_params_error_handler  main.o
    0x0001ee08   0x00000070   Code   RO           14    i.conn_params_init  main.o
    0x0001ee78   0x00000084   Code   RO          996    i.conn_params_negotiation  ble_conn_params.o
    0x0001eefc   0x00000054   Code   RO          711    i.connection_buttons_configure  bsp_btn_ble.o
    0x0001ef50   0x00000048   Code   RO         1139    i.connection_instance_find  device_manager_peripheral.o
    0x0001ef98   0x00000040   Code   RO         1140    i.connection_instance_init  device_manager_peripheral.o
    0x0001efd8   0x00000070   Code   RO           15    i.data_dump_timeout  main.o
    0x0001f048   0x0000007c   Code   RO         2099    i.data_page_erase_state_run  pstorage.o
    0x0001f0c4   0x00000034   Code   RO         2100    i.data_to_swap_write_state_run  pstorage.o
    0x0001f0f8   0x000000e0   Code   RO         1141    i.device_context_store  device_manager_peripheral.o
    0x0001f1d8   0x00000088   Code   RO         1142    i.device_instance_allocate  device_manager_peripheral.o
    0x0001f260   0x00000058   Code   RO         1143    i.device_instance_find  device_manager_peripheral.o
    0x0001f2b8   0x0000002c   Code   RO         1144    i.device_instance_free  device_manager_peripheral.o
    0x0001f2e4   0x00000038   Code   RO           16    i.device_manager_evt_handler  main.o
    0x0001f31c   0x000000d4   Code   RO           17    i.device_manager_init  main.o
    0x0001f3f0   0x000006b8   Code   RO         1149    i.dm_ble_evt_handler  device_manager_peripheral.o
    0x0001faa8   0x00000018   Code   RO         1155    i.dm_handle_initialize  device_manager_peripheral.o
    0x0001fac0   0x00000108   Code   RO         1156    i.dm_init           device_manager_peripheral.o
    0x0001fbc8   0x0000025c   Code   RO         1159    i.dm_pstorage_cb_handler  device_manager_peripheral.o
    0x0001fe24   0x000000b0   Code   RO         1160    i.dm_register       device_manager_peripheral.o
    0x0001fed4   0x00000064   Code   RO         2877    i.elapsed_ticks_acquire  app_timer.o
    0x0001ff38   0x00000040   Code   RO         2101    i.erase_sub_state_sm_run  pstorage.o
    0x0001ff78   0x00000054   Code   RO         3652    i.errata_108        system_nrf52.o
    0x0001ffcc   0x00000030   Code   RO         3653    i.errata_16         system_nrf52.o
    0x0001fffc   0x00000054   Code   RO         3654    i.errata_31         system_nrf52.o
    0x00020050   0x00000030   Code   RO         3655    i.errata_32         system_nrf52.o
    0x00020080   0x00000054   Code   RO         3656    i.errata_36         system_nrf52.o
    0x000200d4   0x00000030   Code   RO         3657    i.errata_37         system_nrf52.o
    0x00020104   0x00000030   Code   RO         3658    i.errata_57         system_nrf52.o
    0x00020134   0x00000030   Code   RO         3659    i.errata_66         system_nrf52.o
    0x00020164   0x00000058   Code   RO         2878    i.expired_timers_handler  app_timer.o
    0x000201bc   0x0000001e   Code   RO         2617    i.finish_transfer   nrf_drv_spi.o
    0x000201da   0x00000036   Code   RO          770    i.flags_encode      ble_advdata.o
    0x00020210   0x00000036   Code   RO          896    i.flash_access_in_progress  ble_advertising.o
    0x00020246   0x00000002   PAD
    0x00020248   0x0000002c   Code   RO         2102    i.flash_api_err_code_process  pstorage.o
    0x00020274   0x00000044   Code   RO         2103    i.flash_operation_failure_run  pstorage.o
    0x000202b8   0x00000030   Code   RO         2104    i.flash_operation_success_run  pstorage.o
    0x000202e8   0x00000010   Code   RO         2105    i.flash_page_erase  pstorage.o
    0x000202f8   0x0000001c   Code   RO         2106    i.flash_write       pstorage.o
    0x00020314   0x00000018   Code   RO         3168    i.fs_queued_op_count_get  fstorage.o
    0x0002032c   0x000000a4   Code   RO           18    i.gap_params_init   main.o
    0x000203d0   0x00000006   Code   RO         1167    i.gattc_context_apply  device_manager_peripheral.o
    0x000203d6   0x00000006   Code   RO         1168    i.gattc_context_load  device_manager_peripheral.o
    0x000203dc   0x00000006   Code   RO         1169    i.gattc_context_store  device_manager_peripheral.o
    0x000203e2   0x00000002   PAD
    0x000203e4   0x000000f8   Code   RO         1170    i.gatts_context_apply  device_manager_peripheral.o
    0x000204dc   0x0000004c   Code   RO         1171    i.gatts_context_load  device_manager_peripheral.o
    0x00020528   0x000000f0   Code   RO         1172    i.gatts_context_store  device_manager_peripheral.o
    0x00020618   0x00000018   Code   RO         1173    i.gattsc_context_apply  device_manager_peripheral.o
    0x00020630   0x0000001c   Code   RO         1174    i.gattsc_context_load  device_manager_peripheral.o
    0x0002064c   0x0000001c   Code   RO         1175    i.gattsc_context_store  device_manager_peripheral.o
    0x00020668   0x00000068   Code   RO         2107    i.head_restore_state_run  pstorage.o
    0x000206d0   0x00000120   Code   RO           20    i.int_fxn           main.o
    0x000207f0   0x000000b0   Code   RO         3365    i.intern_softdevice_events_execute  softdevice_handler.o
    0x000208a0   0x00000022   Code   RO         2618    i.irq_handler_spi   nrf_drv_spi.o
    0x000208c2   0x000000da   Code   RO         2425    i.irq_handler_twi   nrf_drv_twi.o
    0x0002099c   0x00000024   Code   RO          997    i.is_conn_params_ok  ble_conn_params.o
    0x000209c0   0x00000058   Code   RO         2108    i.is_page_erase_required  pstorage.o
    0x00020a18   0x00000050   Code   RO         2109    i.is_tail_data_page_swap_required  pstorage.o
    0x00020a68   0x00000010   Code   RO         2110    i.is_word_aligned   pstorage.o
    0x00020a78   0x0000006a   Code   RO          771    i.le_role_encode    ble_advdata.o
    0x00020ae2   0x00000002   PAD
    0x00020ae4   0x00000098   Code   RO         2879    i.list_deletions_handler  app_timer.o
    0x00020b7c   0x0000010c   Code   RO         2880    i.list_insertions_handler  app_timer.o
    0x00020c88   0x00000618   Code   RO           21    i.main              main.o
    0x000212a0   0x00000020   Code   RO         2111    i.main_state_err_busy_process  pstorage.o
    0x000212c0   0x00000076   Code   RO          772    i.manuf_specific_data_encode  ble_advdata.o
    0x00021336   0x000000c2   Code   RO          773    i.name_encode       ble_advdata.o
    0x000213f8   0x00000006   Code   RO         1176    i.no_service_context_apply  device_manager_peripheral.o
    0x000213fe   0x00000006   Code   RO         1177    i.no_service_context_load  device_manager_peripheral.o
    0x00021404   0x00000006   Code   RO         1178    i.no_service_context_store  device_manager_peripheral.o
    0x0002140a   0x0000001a   Code   RO         1494    i.nrf_delay_ms      nrf_delay.o
    0x00021424   0x00000060   Code   RO         1525    i.nrf_drv_common_irq_enable  nrf_drv_common.o
    0x00021484   0x0000000a   Code   RO         2426    i.nrf_drv_get_IRQn  nrf_drv_twi.o
    0x0002148e   0x00000002   PAD
    0x00021490   0x000000b8   Code   RO         1570    i.nrf_drv_gpiote_in_event_enable  nrf_drv_gpiote.o
    0x00021548   0x000000d8   Code   RO         1571    i.nrf_drv_gpiote_in_init  nrf_drv_gpiote.o
    0x00021620   0x00000054   Code   RO         1574    i.nrf_drv_gpiote_init  nrf_drv_gpiote.o
    0x00021674   0x00000014   Code   RO         1575    i.nrf_drv_gpiote_is_init  nrf_drv_gpiote.o
    0x00021688   0x0000000c   Code   RO         1576    i.nrf_drv_gpiote_out_clear  nrf_drv_gpiote.o
    0x00021694   0x000000cc   Code   RO         1577    i.nrf_drv_gpiote_out_init  nrf_drv_gpiote.o
    0x00021760   0x0000000c   Code   RO         1578    i.nrf_drv_gpiote_out_set  nrf_drv_gpiote.o
    0x0002176c   0x00000154   Code   RO         2619    i.nrf_drv_spi_init  nrf_drv_spi.o
    0x000218c0   0x0000002c   Code   RO         2620    i.nrf_drv_spi_transfer  nrf_drv_spi.o
    0x000218ec   0x00000070   Code   RO         2622    i.nrf_drv_spi_xfer  nrf_drv_spi.o
    0x0002195c   0x00000024   Code   RO         2429    i.nrf_drv_twi_enable  nrf_drv_twi.o
    0x00021980   0x0000009c   Code   RO         2430    i.nrf_drv_twi_init  nrf_drv_twi.o
    0x00021a1c   0x0000002c   Code   RO         2431    i.nrf_drv_twi_rx    nrf_drv_twi.o
    0x00021a48   0x0000003c   Code   RO         2434    i.nrf_drv_twi_tx    nrf_drv_twi.o
    0x00021a84   0x0000003c   Code   RO         2436    i.nrf_drv_twi_xfer  nrf_drv_twi.o
    0x00021ac0   0x00000024   Code   RO         1587    i.nrf_gpio_cfg      nrf_drv_gpiote.o
    0x00021ae4   0x00000024   Code   RO         2623    i.nrf_gpio_cfg      nrf_drv_spi.o
    0x00021b08   0x00000018   Code   RO         2624    i.nrf_gpio_cfg_output  nrf_drv_spi.o
    0x00021b20   0x00000024   Code   RO         1589    i.nrf_gpio_cfg_sense_set  nrf_drv_gpiote.o
    0x00021b44   0x00000010   Code   RO         1590    i.nrf_gpio_pin_clear  nrf_drv_gpiote.o
    0x00021b54   0x00000010   Code   RO         2437    i.nrf_gpio_pin_clear  nrf_drv_twi.o
    0x00021b64   0x00000010   Code   RO         2625    i.nrf_gpio_pin_clear  nrf_drv_spi.o
    0x00021b74   0x00000010   Code   RO         1591    i.nrf_gpio_pin_set  nrf_drv_gpiote.o
    0x00021b84   0x00000010   Code   RO         2438    i.nrf_gpio_pin_set  nrf_drv_twi.o
    0x00021b94   0x00000010   Code   RO         2626    i.nrf_gpio_pin_set  nrf_drv_spi.o
    0x00021ba4   0x0000000c   Code   RO         1592    i.nrf_gpiote_event_addr_get  nrf_drv_gpiote.o
    0x00021bb0   0x0000001c   Code   RO         1593    i.nrf_gpiote_event_clear  nrf_drv_gpiote.o
    0x00021bcc   0x00000016   Code   RO         1594    i.nrf_gpiote_event_is_set  nrf_drv_gpiote.o
    0x00021be2   0x00000002   PAD
    0x00021be4   0x0000000c   Code   RO         1595    i.nrf_gpiote_int_enable  nrf_drv_gpiote.o
    0x00021bf0   0x00000006   Code   RO         2627    i.nrf_spi_event_clear  nrf_drv_spi.o
    0x00021bf6   0x00000006   Code   RO         2628    i.nrf_spi_int_disable  nrf_drv_spi.o
    0x00021bfc   0x00000006   Code   RO         2629    i.nrf_spi_int_enable  nrf_drv_spi.o
    0x00021c02   0x00000006   Code   RO         2630    i.nrf_spi_txd_set   nrf_drv_spi.o
    0x00021c08   0x0000000e   Code   RO         2439    i.nrf_twi_event_check  nrf_drv_twi.o
    0x00021c16   0x00000006   Code   RO         2440    i.nrf_twi_event_clear  nrf_drv_twi.o
    0x00021c1c   0x00000006   Code   RO         2441    i.nrf_twi_int_disable  nrf_drv_twi.o
    0x00021c22   0x00000006   Code   RO         2442    i.nrf_twi_int_enable  nrf_drv_twi.o
    0x00021c28   0x00000006   Code   RO         2443    i.nrf_twi_shorts_set  nrf_drv_twi.o
    0x00021c2e   0x00000006   Code   RO         2444    i.nrf_twi_task_trigger  nrf_drv_twi.o
    0x00021c34   0x0000000c   Code   RO         1823    i.nrf_uart_errorsrc_get_and_clear  nrf_drv_uart.o
    0x00021c40   0x0000000e   Code   RO         1824    i.nrf_uart_event_check  nrf_drv_uart.o
    0x00021c4e   0x00000006   Code   RO         1825    i.nrf_uart_event_clear  nrf_drv_uart.o
    0x00021c54   0x00000006   Code   RO         1827    i.nrf_uart_int_disable  nrf_drv_uart.o
    0x00021c5a   0x00000012   Code   RO         1829    i.nrf_uart_int_enable_check  nrf_drv_uart.o
    0x00021c6c   0x00000006   Code   RO         1830    i.nrf_uart_task_trigger  nrf_drv_uart.o
    0x00021c72   0x0000000c   Code   RO         1832    i.nrf_uarte_errorsrc_get_and_clear  nrf_drv_uart.o
    0x00021c7e   0x0000000e   Code   RO         1833    i.nrf_uarte_event_check  nrf_drv_uart.o
    0x00021c8c   0x00000006   Code   RO         1834    i.nrf_uarte_event_clear  nrf_drv_uart.o
    0x00021c92   0x0000000a   Code   RO         1838    i.nrf_uarte_rx_amount_get  nrf_drv_uart.o
    0x00021c9c   0x00000048   Code   RO           22    i.on_adv_evt        main.o
    0x00021ce4   0x0000005c   Code   RO           23    i.on_ble_evt        main.o
    0x00021d40   0x00000040   Code   RO           24    i.on_conn_params_evt  main.o
    0x00021d80   0x00000018   Code   RO          998    i.on_conn_params_update  ble_conn_params.o
    0x00021d98   0x00000038   Code   RO          999    i.on_connect        ble_conn_params.o
    0x00021dd0   0x00000040   Code   RO         1000    i.on_disconnect     ble_conn_params.o
    0x00021e10   0x00000058   Code   RO         1001    i.on_write          ble_conn_params.o
    0x00021e68   0x00000180   Code   RO          482    i.our_char_add      our_service.o
    0x00021fe8   0x00000080   Code   RO          483    i.our_service_init  our_service.o
    0x00022068   0x00000044   Code   RO          484    i.our_termperature_characteristic_update  our_service.o
    0x000220ac   0x00000018   Code   RO          897    i.peer_address_exists  ble_advertising.o
    0x000220c4   0x00000064   Code   RO         1179    i.peer_instance_init  device_manager_peripheral.o
    0x00022128   0x0000001c   Code   RO         1597    i.pin_in_use_by_gpiote  nrf_drv_gpiote.o
    0x00022144   0x00000018   Code   RO         1598    i.pin_in_use_by_port  nrf_drv_gpiote.o
    0x0002215c   0x00000020   Code   RO         1599    i.pin_in_use_by_te  nrf_drv_gpiote.o
    0x0002217c   0x0000000c   Code   RO         1600    i.pin_in_use_clear  nrf_drv_gpiote.o
    0x00022188   0x00000030   Code   RO           25    i.power_manage      main.o
    0x000221b8   0x0000002c   Code   RO         2112    i.pstorage_access_status_get  pstorage.o
    0x000221e4   0x000000a4   Code   RO         2113    i.pstorage_block_identifier_get  pstorage.o
    0x00022288   0x00000120   Code   RO         2114    i.pstorage_clear    pstorage.o
    0x000223a8   0x0000001e   Code   RO         2115    i.pstorage_flash_page_end  pstorage.o
    0x000223c6   0x0000000a   Code   RO         2116    i.pstorage_flash_page_size  pstorage.o
    0x000223d0   0x00000090   Code   RO         2117    i.pstorage_init     pstorage.o
    0x00022460   0x000000f4   Code   RO         2118    i.pstorage_load     pstorage.o
    0x00022554   0x00000110   Code   RO         2119    i.pstorage_register  pstorage.o
    0x00022664   0x000000dc   Code   RO         2120    i.pstorage_store    pstorage.o
    0x00022740   0x00000048   Code   RO         2121    i.pstorage_sys_event_handler  pstorage.o
    0x00022788   0x000000dc   Code   RO         2122    i.pstorage_update   pstorage.o
    0x00022864   0x000000d0   Code   RO           28    i.readDataFromFRAM  main.o
    0x00022934   0x000000ac   Code   RO           29    i.readGyro          main.o
    0x000229e0   0x0000000c   Code   RO         2881    i.rtc1_compare0_set  app_timer.o
    0x000229ec   0x0000000c   Code   RO         2882    i.rtc1_counter_get  app_timer.o
    0x000229f8   0x00000018   Code   RO         2883    i.rtc1_init         app_timer.o
    0x00022a10   0x0000003c   Code   RO         2884    i.rtc1_start        app_timer.o
    0x00022a4c   0x00000058   Code   RO         2885    i.rtc1_stop         app_timer.o
    0x00022aa4   0x00000050   Code   RO         1842    i.rx_byte           nrf_drv_uart.o
    0x00022af4   0x00000024   Code   RO         1843    i.rx_done_event     nrf_drv_uart.o
    0x00022b18   0x0000001c   Code   RO         3366    i.sd_check_ram_start  softdevice_handler.o
    0x00022b34   0x000000d0   Code   RO         3367    i.sd_nvic_EnableIRQ  softdevice_handler.o
    0x00022c04   0x00000036   Code   RO          774    i.sec_mgr_oob_flags_encode  ble_advdata.o
    0x00022c3a   0x00000096   Code   RO          775    i.service_data_encode  ble_advdata.o
    0x00022cd0   0x00000010   Code   RO           31    i.services_init     main.o
    0x00022ce0   0x00000070   Code   RO           32    i.sleep_mode_enter  main.o
    0x00022d50   0x00000014   Code   RO         2123    i.sm_state_change   pstorage.o
    0x00022d64   0x00000018   Code   RO         3368    i.softdevice_ble_evt_handler_set  softdevice_handler.o
    0x00022d7c   0x0000001c   Code   RO         3369    i.softdevice_enable  softdevice_handler.o
    0x00022d98   0x0000002c   Code   RO         3370    i.softdevice_enable_get_default_config  softdevice_handler.o
    0x00022dc4   0x00000014   Code   RO         3371    i.softdevice_fault_handler  softdevice_handler.o
    0x00022dd8   0x00000064   Code   RO         3372    i.softdevice_handler_init  softdevice_handler.o
    0x00022e3c   0x00000018   Code   RO         3375    i.softdevice_sys_evt_handler_set  softdevice_handler.o
    0x00022e54   0x00000070   Code   RO           33    i.spiInit           main.o
    0x00022ec4   0x0000000c   Code   RO           34    i.spi_event_handler  main.o
    0x00022ed0   0x0000009e   Code   RO         2631    i.spi_xfer          nrf_drv_spi.o
    0x00022f6e   0x0000000e   Code   RO          776    i.srdata_check      ble_advdata.o
    0x00022f7c   0x00000018   Code   RO          487    i.startUartXfer     our_service.o
    0x00022f94   0x00000010   Code   RO         2124    i.state_data_erase_entry_run  pstorage.o
    0x00022fa4   0x0000008c   Code   RO         2125    i.state_data_erase_swap_entry_run  pstorage.o
    0x00023030   0x00000038   Code   RO         2126    i.state_entry_action_run  pstorage.o
    0x00023068   0x00000010   Code   RO         2127    i.state_erase_data_page_entry_run  pstorage.o
    0x00023078   0x0000001c   Code   RO         2128    i.state_idle_entry_run  pstorage.o
    0x00023094   0x00000034   Code   RO         2129    i.state_restore_head_entry_run  pstorage.o
    0x000230c8   0x00000058   Code   RO         2130    i.state_restore_tail_entry_run  pstorage.o
    0x00023120   0x00000008   Code   RO         2131    i.state_store_entry_run  pstorage.o
    0x00023128   0x0000001e   Code   RO         2132    i.state_swap_erase_entry_run  pstorage.o
    0x00023146   0x00000002   PAD
    0x00023148   0x00000038   Code   RO         2133    i.state_write_data_swap_entry_run  pstorage.o
    0x00023180   0x00000008   Code   RO         1180    i.storage_operation_dummy_handler  device_manager_peripheral.o
    0x00023188   0x00000068   Code   RO         2134    i.store_cmd_flash_write_execute  pstorage.o
    0x000231f0   0x0000000a   Code   RO         2135    i.store_operation_execute  pstorage.o
    0x000231fa   0x00000002   PAD
    0x000231fc   0x00000048   Code   RO         2136    i.store_sub_state_sm_run  pstorage.o
    0x00023244   0x00000020   Code   RO         2137    i.swap_erase_state_run  pstorage.o
    0x00023264   0x00000008   Code   RO         2138    i.swap_sub_sm_exit_action_run  pstorage.o
    0x0002326c   0x00000018   Code   RO         2139    i.swap_sub_state_entry_action_run  pstorage.o
    0x00023284   0x00000020   Code   RO         2140    i.swap_sub_state_err_busy_process  pstorage.o
    0x000232a4   0x00000018   Code   RO         2141    i.swap_sub_state_sm_run  pstorage.o
    0x000232bc   0x00000014   Code   RO         2142    i.swap_sub_state_state_change  pstorage.o
    0x000232d0   0x00000012   Code   RO           35    i.sys_evt_dispatch  main.o
    0x000232e2   0x00000002   PAD
    0x000232e4   0x0000001c   Code   RO         2143    i.tail_restore_state_run  pstorage.o
    0x00023300   0x0000004c   Code   RO         2144    i.tail_word_size_calculate  pstorage.o
    0x0002334c   0x0000000a   Code   RO         2886    i.ticks_diff_get    app_timer.o
    0x00023356   0x00000002   PAD
    0x00023358   0x00000078   Code   RO         2887    i.timeout_handler_exec  app_timer.o
    0x000233d0   0x00000054   Code   RO         2888    i.timer_list_handler  app_timer.o
    0x00023424   0x0000000a   Code   RO         2889    i.timer_list_handler_sched  app_timer.o
    0x0002342e   0x00000002   PAD
    0x00023430   0x00000068   Code   RO         2890    i.timer_list_insert  app_timer.o
    0x00023498   0x0000006c   Code   RO         2891    i.timer_list_remove  app_timer.o
    0x00023504   0x0000005c   Code   RO         2892    i.timer_start_op_schedule  app_timer.o
    0x00023560   0x00000040   Code   RO         2894    i.timer_stop_op_schedule  app_timer.o
    0x000235a0   0x00000024   Code   RO           36    i.timer_timeout_handler  main.o
    0x000235c4   0x00000098   Code   RO         2895    i.timer_timeouts_check  app_timer.o
    0x0002365c   0x0000000a   Code   RO         2896    i.timer_timeouts_check_sched  app_timer.o
    0x00023666   0x00000002   PAD
    0x00023668   0x00000068   Code   RO           37    i.timers_init       main.o
    0x000236d0   0x00000046   Code   RO          777    i.tk_value_encode   ble_advdata.o
    0x00023716   0x0000006a   Code   RO         2632    i.transfer_byte     nrf_drv_spi.o
    0x00023780   0x00000094   Code   RO         2445    i.twi_clear_bus     nrf_drv_twi.o
    0x00023814   0x00000038   Code   RO           38    i.twi_master_init   main.o
    0x0002384c   0x0000004c   Code   RO         2446    i.twi_receive_byte  nrf_drv_twi.o
    0x00023898   0x000000a6   Code   RO         2447    i.twi_rx_start_transfer  nrf_drv_twi.o
    0x0002393e   0x00000048   Code   RO         2448    i.twi_send_byte     nrf_drv_twi.o
    0x00023986   0x00000122   Code   RO         2449    i.twi_transfer      nrf_drv_twi.o
    0x00023aa8   0x000000ac   Code   RO         2450    i.twi_tx_start_transfer  nrf_drv_twi.o
    0x00023b54   0x000000b8   Code   RO         2451    i.twi_xfer          nrf_drv_twi.o
    0x00023c0c   0x00000038   Code   RO         1845    i.tx_byte           nrf_drv_uart.o
    0x00023c44   0x0000002c   Code   RO         1846    i.tx_done_event     nrf_drv_uart.o
    0x00023c70   0x00000036   Code   RO          778    i.tx_power_level_encode  ble_advdata.o
    0x00023ca6   0x00000002   PAD
    0x00023ca8   0x00000160   Code   RO         1847    i.uart_irq_handler  nrf_drv_uart.o
    0x00023e08   0x0000012c   Code   RO         1848    i.uarte_irq_handler  nrf_drv_uart.o
    0x00023f34   0x0000000c   Code   RO          779    i.uint16_encode     ble_advdata.o
    0x00023f40   0x00000008   Code   RO         2145    i.update_operation_execute  pstorage.o
    0x00023f48   0x00000014   Code   RO         1181    i.update_status_bit_reset  device_manager_peripheral.o
    0x00023f5c   0x00000090   Code   RO         1002    i.update_timeout_handler  ble_conn_params.o
    0x00023fec   0x00000058   Code   RO         2897    i.user_id_get       app_timer.o
    0x00024044   0x00000030   Code   RO         2898    i.user_op_alloc     app_timer.o
    0x00024074   0x00000004   Code   RO         2899    i.user_op_enque     app_timer.o
    0x00024078   0x0000004e   Code   RO          780    i.uuid_list_encode  ble_advdata.o
    0x000240c6   0x000000dc   Code   RO          781    i.uuid_list_sized_encode  ble_advdata.o
    0x000241a2   0x00000012   Code   RO          898    i.whitelist_has_entries  ble_advertising.o
    0x000241b4   0x00000034   Data   RO           41    .constdata          main.o
    0x000241e8   0x00000028   Data   RO          489    .constdata          our_service.o
    0x00024210   0x0000003c   Data   RO          605    .constdata          bsp.o
    0x0002424c   0x00000004   Data   RO         1004    .constdata          ble_conn_params.o
    0x00024250   0x00000034   Data   RO         1183    .constdata          device_manager_peripheral.o
    0x00024284   0x00000028   Data   RO         2147    .constdata          pstorage.o
    0x000242ac   0x0000002c   Data   RO         2453    .constdata          nrf_drv_twi.o
    0x000242d8   0x00000010   Data   RO         2634    .constdata          nrf_drv_spi.o
    0x000242e8   0x00000010   Data   RO         3569    .constdata          segger_rtt_printf.o
    0x000242f8   0x0000004c   Data   RO         1184    .conststring        device_manager_peripheral.o
    0x00024344   0x00000057   Data   RO         3377    .conststring        softdevice_handler.o
    0x0002439b   0x00000001   PAD
    0x0002439c   0x00000009   Data   RO         3486    .conststring        segger_rtt.o
    0x000243a5   0x00000003   PAD
    0x000243a8   0x00000020   Data   RO         3800    Region$$Table       anon$$obj.o


    Execution Region RW_IRAM1 (Base: 0x20002080, Size: 0x00003030, Max: 0x0000df80, ABSOLUTE, COMPRESSED[0x00000050])

    Base Addr    Size         Type   Attr      Idx    E Section Name        Object

    0x20002080   0x0000006a   Data   RW           42    .data               main.o
    0x200020ea   0x00000002   Data   RW          490    .data               our_service.o
    0x200020ec   0x00000019   Data   RW          606    .data               bsp.o
    0x20002105   0x00000003   PAD
    0x20002108   0x00000008   Data   RW          713    .data               bsp_btn_ble.o
    0x20002110   0x00000020   Data   RW          900    .data               ble_advertising.o
    0x20002130   0x00000015   Data   RW         1005    .data               ble_conn_params.o
    0x20002145   0x00000003   PAD
    0x20002148   0x00000014   Data   RW         1185    .data               device_manager_peripheral.o
    0x2000215c   0x00000028   Data   RW         2148    .data               pstorage.o
    0x20002184   0x00000022   Data   RW         2900    .data               app_timer.o
    0x200021a6   0x00000002   PAD
    0x200021a8   0x00000018   Data   RW         3378    .data               softdevice_handler.o
    0x200021c0   0x00000079   Data   RW         3487    .data               segger_rtt.o
    0x20002239   0x00000003   PAD
    0x2000223c   0x00000004   Data   RW         3660    .data               system_nrf52.o
    0x20002240   0x000004f4   Zero   RW           40    .bss                main.o
    0x20002734   0x00000020   Zero   RW          488    .bss                our_service.o
    0x20002754   0x0000006c   Zero   RW          604    .bss                bsp.o
    0x200027c0   0x00000103   Zero   RW          899    .bss                ble_advertising.o
    0x200028c3   0x00000001   PAD
    0x200028c4   0x0000003c   Zero   RW         1003    .bss                ble_conn_params.o
    0x20002900   0x0000014f   Zero   RW         1182    .bss                device_manager_peripheral.o
    0x20002a4f   0x00000001   PAD
    0x20002a50   0x00000058   Zero   RW         1601    .bss                nrf_drv_gpiote.o
    0x20002aa8   0x00000020   Zero   RW         1849    .bss                nrf_drv_uart.o
    0x20002ac8   0x000000e4   Zero   RW         2146    .bss                pstorage.o
    0x20002bac   0x00000050   Zero   RW         2452    .bss                nrf_drv_twi.o
    0x20002bfc   0x00000020   Zero   RW         2633    .bss                nrf_drv_spi.o
    0x20002c1c   0x00000020   Zero   RW         2801    .bss                app_error.o
    0x20002c3c   0x00000058   Zero   RW         3179    .bss                fstorage.o
    0x20002c94   0x0000000c   Zero   RW         3376    .bss                softdevice_handler.o
    0x20002ca0   0x00000410   Zero   RW         3485    .bss                segger_rtt.o
    0x200030b0   0x00002000   Zero   RW         3640    STACK               arm_startup_nrf52.o


==============================================================================

Image component sizes


      Code (inc. data)   RO Data    RW Data    ZI Data      Debug   Object Name

       168          4          0          0         32       4326   app_error.o
        26          0          0          0          0        838   app_error_weak.o
      2514        336          0         34          0      63859   app_timer.o
        36          8       1024          0       8192        976   arm_startup_nrf52.o
      2136          0          0          0          0      26032   ble_advdata.o
      1464        140          0         32        259      18405   ble_advertising.o
       718        122          4         21         60      20104   ble_conn_params.o
      1860        116         60         25        108      14650   bsp.o
       316         10          0          8          0       5302   bsp_btn_ble.o
      4336        262        128         20        335      35605   device_manager_peripheral.o
        24          6          0          0         88       3612   fstorage.o
      4142        918         52        106       1268     135688   main.o
       144          0          0          0          0       2051   nrf_delay.o
        96         12          0          0          0      29075   nrf_drv_common.o
      1634        152          0          0         88      31611   nrf_drv_gpiote.o
       964         48         16          0         32      20175   nrf_drv_spi.o
      1926         64         44          0         80      34571   nrf_drv_twi.o
       996         66          0          0         32      25458   nrf_drv_uart.o
       836        174         40          2         32      45877   our_service.o
      4252        430         40         40        228      52818   pstorage.o
       426          4          9        121       1040       4520   segger_rtt.o
      1076          4         16          0          0       6957   segger_rtt_printf.o
       708         90         87         24         12      45425   softdevice_handler.o
      1096        112          0          4          0      33830   system_nrf52.o

    ----------------------------------------------------------------------
     31934       3078       1556        448      11888     661765   Object Totals
         0          0         32          0          0          0   (incl. Generated)
        40          0          4         11          2          0   (incl. Padding)

    ----------------------------------------------------------------------

      Code (inc. data)   RO Data    RW Data    ZI Data      Debug   Library Member Name

        58          0          0          0          0          0   __dczerorl.o
         0          0          0          0          0          0   entry.o
         0          0          0          0          0          0   entry10a.o
         0          0          0          0          0          0   entry11a.o
         8          4          0          0          0          0   entry2.o
         4          0          0          0          0          0   entry5.o
         0          0          0          0          0          0   entry7b.o
         0          0          0          0          0          0   entry8b.o
         8          4          0          0          0          0   entry9a.o
        30          0          0          0          0          0   handlers.o
        36          8          0          0          0         68   init.o
        26          0          0          0          0         80   memcmp.o
        36          0          0          0          0         68   memcpya.o
        36          0          0          0          0        108   memseta.o

    ----------------------------------------------------------------------
       246         16          0          0          0        324   Library Totals
         4          0          0          0          0          0   (incl. Padding)

    ----------------------------------------------------------------------

      Code (inc. data)   RO Data    RW Data    ZI Data      Debug   Library Name

       242         16          0          0          0        324   mc_w.l

    ----------------------------------------------------------------------
       246         16          0          0          0        324   Library Totals

    ----------------------------------------------------------------------

==============================================================================


      Code (inc. data)   RO Data    RW Data    ZI Data      Debug   

     32180       3094       1556        448      11888     631469   Grand Totals
     32180       3094       1556         80      11888     631469   ELF Image Totals (compressed)
     32180       3094       1556         80          0          0   ROM Totals

==============================================================================

    Total RO  Size (Code + RO Data)                33736 (  32.95kB)
    Total RW  Size (RW Data + ZI Data)             12336 (  12.05kB)
    Total ROM Size (Code + RO Data + RW Data)      33816 (  33.02kB)

==============================================================================

